CRITICAL - 2026-01-29 00:40:45 --> ErrorException: Undefined variable $level
[Method: GET, Route: user]
in APPPATH\Views\user\user.php on line 22.
 1 APPPATH\Views\user\user.php(22): CodeIgniter\Debug\Exceptions->errorHandler(2, 'Undefined variable $level', 'C:\\Users\\7U400.COM\\Downloads\\pointofsale-master\\app\\Views\\user\\user.php', 22)
 2 SYSTEMPATH\View\View.php(226): include('C:\\Users\\7U400.COM\\Downloads\\pointofsale-master\\app\\Views\\user\\user.php')
 3 SYSTEMPATH\View\View.php(229): CodeIgniter\View\View->CodeIgniter\View\{closure}()
 4 SYSTEMPATH\Common.php(1199): CodeIgniter\View\View->render('/user/user', [], true)
 5 APPPATH\Controllers\User.php(61): view('/user/user', [...])
 6 SYSTEMPATH\CodeIgniter.php(933): App\Controllers\User->index()
 7 SYSTEMPATH\CodeIgniter.php(507): CodeIgniter\CodeIgniter->runController(Object(App\Controllers\User))
 8 SYSTEMPATH\CodeIgniter.php(354): CodeIgniter\CodeIgniter->handleRequest(null, Object(Config\Cache), false)
 9 SYSTEMPATH\Boot.php(363): CodeIgniter\CodeIgniter->run()
10 SYSTEMPATH\Boot.php(68): CodeIgniter\Boot::runCodeIgniter(Object(CodeIgniter\CodeIgniter))
11 FCPATH\index.php(59): CodeIgniter\Boot::bootWeb(Object(Config\Paths))
12 SYSTEMPATH\rewrite.php(44): require_once('C:\\Users\\7U400.COM\\Downloads\\pointofsale-master\\public\\index.php')
CRITICAL - 2026-01-29 00:46:54 --> ErrorException: Attempt to read property "foto" on null
[Method: GET, Route: dashboard]
in APPPATH\Views\admin\header.php on line 62.
 1 APPPATH\Views\admin\header.php(62): CodeIgniter\Debug\Exceptions->errorHandler(2, 'Attempt to read property "foto" on null', 'C:\\Users\\7U400.COM\\Downloads\\pointofsale-master\\app\\Views\\admin\\header.php', 62)
 2 SYSTEMPATH\View\View.php(226): include('C:\\Users\\7U400.COM\\Downloads\\pointofsale-master\\app\\Views\\admin\\header.php')
 3 SYSTEMPATH\View\View.php(229): CodeIgniter\View\View->CodeIgniter\View\{closure}()
 4 SYSTEMPATH\Common.php(1199): CodeIgniter\View\View->render('/admin/header', [], true)
 5 APPPATH\Controllers\Dashboard.php(57): view('/admin/header', [...])
 6 SYSTEMPATH\CodeIgniter.php(933): App\Controllers\Dashboard->index()
 7 SYSTEMPATH\CodeIgniter.php(507): CodeIgniter\CodeIgniter->runController(Object(App\Controllers\Dashboard))
 8 SYSTEMPATH\CodeIgniter.php(354): CodeIgniter\CodeIgniter->handleRequest(null, Object(Config\Cache), false)
 9 SYSTEMPATH\Boot.php(363): CodeIgniter\CodeIgniter->run()
10 SYSTEMPATH\Boot.php(68): CodeIgniter\Boot::runCodeIgniter(Object(CodeIgniter\CodeIgniter))
11 FCPATH\index.php(59): CodeIgniter\Boot::bootWeb(Object(Config\Paths))
12 SYSTEMPATH\rewrite.php(44): require_once('C:\\Users\\7U400.COM\\Downloads\\pointofsale-master\\public\\index.php')
CRITICAL - 2026-01-29 00:46:57 --> ErrorException: Attempt to read property "foto" on null
[Method: GET, Route: dashboard]
in APPPATH\Views\admin\header.php on line 62.
 1 APPPATH\Views\admin\header.php(62): CodeIgniter\Debug\Exceptions->errorHandler(2, 'Attempt to read property "foto" on null', 'C:\\Users\\7U400.COM\\Downloads\\pointofsale-master\\app\\Views\\admin\\header.php', 62)
 2 SYSTEMPATH\View\View.php(226): include('C:\\Users\\7U400.COM\\Downloads\\pointofsale-master\\app\\Views\\admin\\header.php')
 3 SYSTEMPATH\View\View.php(229): CodeIgniter\View\View->CodeIgniter\View\{closure}()
 4 SYSTEMPATH\Common.php(1199): CodeIgniter\View\View->render('/admin/header', [], true)
 5 APPPATH\Controllers\Dashboard.php(57): view('/admin/header', [...])
 6 SYSTEMPATH\CodeIgniter.php(933): App\Controllers\Dashboard->index()
 7 SYSTEMPATH\CodeIgniter.php(507): CodeIgniter\CodeIgniter->runController(Object(App\Controllers\Dashboard))
 8 SYSTEMPATH\CodeIgniter.php(354): CodeIgniter\CodeIgniter->handleRequest(null, Object(Config\Cache), false)
 9 SYSTEMPATH\Boot.php(363): CodeIgniter\CodeIgniter->run()
10 SYSTEMPATH\Boot.php(68): CodeIgniter\Boot::runCodeIgniter(Object(CodeIgniter\CodeIgniter))
11 FCPATH\index.php(59): CodeIgniter\Boot::bootWeb(Object(Config\Paths))
12 SYSTEMPATH\rewrite.php(44): require_once('C:\\Users\\7U400.COM\\Downloads\\pointofsale-master\\public\\index.php')
CRITICAL - 2026-01-29 00:47:08 --> ErrorException: Attempt to read property "foto" on null
[Method: GET, Route: dashboard]
in APPPATH\Views\admin\header.php on line 62.
 1 APPPATH\Views\admin\header.php(62): CodeIgniter\Debug\Exceptions->errorHandler(2, 'Attempt to read property "foto" on null', 'C:\\Users\\7U400.COM\\Downloads\\pointofsale-master\\app\\Views\\admin\\header.php', 62)
 2 SYSTEMPATH\View\View.php(226): include('C:\\Users\\7U400.COM\\Downloads\\pointofsale-master\\app\\Views\\admin\\header.php')
 3 SYSTEMPATH\View\View.php(229): CodeIgniter\View\View->CodeIgniter\View\{closure}()
 4 SYSTEMPATH\Common.php(1199): CodeIgniter\View\View->render('/admin/header', [], true)
 5 APPPATH\Controllers\Dashboard.php(57): view('/admin/header', [...])
 6 SYSTEMPATH\CodeIgniter.php(933): App\Controllers\Dashboard->index()
 7 SYSTEMPATH\CodeIgniter.php(507): CodeIgniter\CodeIgniter->runController(Object(App\Controllers\Dashboard))
 8 SYSTEMPATH\CodeIgniter.php(354): CodeIgniter\CodeIgniter->handleRequest(null, Object(Config\Cache), false)
 9 SYSTEMPATH\Boot.php(363): CodeIgniter\CodeIgniter->run()
10 SYSTEMPATH\Boot.php(68): CodeIgniter\Boot::runCodeIgniter(Object(CodeIgniter\CodeIgniter))
11 FCPATH\index.php(59): CodeIgniter\Boot::bootWeb(Object(Config\Paths))
12 SYSTEMPATH\rewrite.php(44): require_once('C:\\Users\\7U400.COM\\Downloads\\pointofsale-master\\public\\index.php')
ERROR - 2026-01-29 01:06:51 --> mysqli_sql_exception: Unknown column 'user.isdelete' in 'where clause' in C:\Users\7U400.COM\Downloads\pointofsale-master\system\Database\MySQLi\Connection.php:327
Stack trace:
#0 C:\Users\7U400.COM\Downloads\pointofsale-master\system\Database\MySQLi\Connection.php(327): mysqli->query('SELECT *\nFROM `...', 0)
#1 C:\Users\7U400.COM\Downloads\pointofsale-master\system\Database\BaseConnection.php(729): CodeIgniter\Database\MySQLi\Connection->execute('SELECT *\nFROM `...')
#2 C:\Users\7U400.COM\Downloads\pointofsale-master\system\Database\BaseConnection.php(646): CodeIgniter\Database\BaseConnection->simpleQuery('SELECT *\nFROM `...')
#3 C:\Users\7U400.COM\Downloads\pointofsale-master\system\Database\BaseBuilder.php(1649): CodeIgniter\Database\BaseConnection->query('SELECT *\nFROM `...', Array, false)
#4 C:\Users\7U400.COM\Downloads\pointofsale-master\app\Models\M_ekskul.php(42): CodeIgniter\Database\BaseBuilder->get()
#5 C:\Users\7U400.COM\Downloads\pointofsale-master\app\Controllers\User.php(56): App\Models\M_ekskul->userWithoutRoot()
#6 C:\Users\7U400.COM\Downloads\pointofsale-master\system\CodeIgniter.php(933): App\Controllers\User->index()
#7 C:\Users\7U400.COM\Downloads\pointofsale-master\system\CodeIgniter.php(507): CodeIgniter\CodeIgniter->runController(Object(App\Controllers\User))
#8 C:\Users\7U400.COM\Downloads\pointofsale-master\system\CodeIgniter.php(354): CodeIgniter\CodeIgniter->handleRequest(NULL, Object(Config\Cache), false)
#9 C:\Users\7U400.COM\Downloads\pointofsale-master\system\Boot.php(363): CodeIgniter\CodeIgniter->run()
#10 C:\Users\7U400.COM\Downloads\pointofsale-master\system\Boot.php(68): CodeIgniter\Boot::runCodeIgniter(Object(CodeIgniter\CodeIgniter))
#11 C:\Users\7U400.COM\Downloads\pointofsale-master\public\index.php(59): CodeIgniter\Boot::bootWeb(Object(Config\Paths))
#12 C:\Users\7U400.COM\Downloads\pointofsale-master\system\rewrite.php(44): require_once('C:\\Users\\7U400....')
#13 {main}
CRITICAL - 2026-01-29 01:06:51 --> CodeIgniter\Database\Exceptions\DatabaseException: Unknown column 'user.isdelete' in 'where clause'
[Method: GET, Route: user]
in SYSTEMPATH\Database\BaseConnection.php on line 684.
 1 SYSTEMPATH\Database\BaseBuilder.php(1649): CodeIgniter\Database\BaseConnection->query('SELECT *
FROM `user` `u`
JOIN `level` `l` ON `u`.`level` = `l`.`id_level`
WHERE `u`.`level` != :u.level:
AND `user`.`isdelete` = :user.isdelete:
OR `u`.`id_user` = :u.id_user:', [...], false)
 2 APPPATH\Models\M_ekskul.php(42): CodeIgniter\Database\BaseBuilder->get()
 3 APPPATH\Controllers\User.php(56): App\Models\M_ekskul->userWithoutRoot()
 4 SYSTEMPATH\CodeIgniter.php(933): App\Controllers\User->index()
 5 SYSTEMPATH\CodeIgniter.php(507): CodeIgniter\CodeIgniter->runController(Object(App\Controllers\User))
 6 SYSTEMPATH\CodeIgniter.php(354): CodeIgniter\CodeIgniter->handleRequest(null, Object(Config\Cache), false)
 7 SYSTEMPATH\Boot.php(363): CodeIgniter\CodeIgniter->run()
 8 SYSTEMPATH\Boot.php(68): CodeIgniter\Boot::runCodeIgniter(Object(CodeIgniter\CodeIgniter))
 9 FCPATH\index.php(59): CodeIgniter\Boot::bootWeb(Object(Config\Paths))
10 SYSTEMPATH\rewrite.php(44): require_once('C:\\Users\\7U400.COM\\Downloads\\pointofsale-master\\public\\index.php')
CRITICAL - 2026-01-29 01:06:51 --> [Caused by] CodeIgniter\Database\Exceptions\DatabaseException: Unknown column 'user.isdelete' in 'where clause'
in SYSTEMPATH\Database\MySQLi\Connection.php on line 332.
 1 SYSTEMPATH\Database\BaseConnection.php(729): CodeIgniter\Database\MySQLi\Connection->execute('SELECT *
FROM `user` `u`
JOIN `level` `l` ON `u`.`level` = `l`.`id_level`
WHERE `u`.`level` != 1
AND `user`.`isdelete` = 0
OR `u`.`id_user` = \'1\'')
 2 SYSTEMPATH\Database\BaseConnection.php(646): CodeIgniter\Database\BaseConnection->simpleQuery('SELECT *
FROM `user` `u`
JOIN `level` `l` ON `u`.`level` = `l`.`id_level`
WHERE `u`.`level` != 1
AND `user`.`isdelete` = 0
OR `u`.`id_user` = \'1\'')
 3 SYSTEMPATH\Database\BaseBuilder.php(1649): CodeIgniter\Database\BaseConnection->query('SELECT *
FROM `user` `u`
JOIN `level` `l` ON `u`.`level` = `l`.`id_level`
WHERE `u`.`level` != :u.level:
AND `user`.`isdelete` = :user.isdelete:
OR `u`.`id_user` = :u.id_user:', [...], false)
 4 APPPATH\Models\M_ekskul.php(42): CodeIgniter\Database\BaseBuilder->get()
 5 APPPATH\Controllers\User.php(56): App\Models\M_ekskul->userWithoutRoot()
 6 SYSTEMPATH\CodeIgniter.php(933): App\Controllers\User->index()
 7 SYSTEMPATH\CodeIgniter.php(507): CodeIgniter\CodeIgniter->runController(Object(App\Controllers\User))
 8 SYSTEMPATH\CodeIgniter.php(354): CodeIgniter\CodeIgniter->handleRequest(null, Object(Config\Cache), false)
 9 SYSTEMPATH\Boot.php(363): CodeIgniter\CodeIgniter->run()
10 SYSTEMPATH\Boot.php(68): CodeIgniter\Boot::runCodeIgniter(Object(CodeIgniter\CodeIgniter))
11 FCPATH\index.php(59): CodeIgniter\Boot::bootWeb(Object(Config\Paths))
12 SYSTEMPATH\rewrite.php(44): require_once('C:\\Users\\7U400.COM\\Downloads\\pointofsale-master\\public\\index.php')
CRITICAL - 2026-01-29 01:06:51 --> [Caused by] mysqli_sql_exception: Unknown column 'user.isdelete' in 'where clause'
in SYSTEMPATH\Database\MySQLi\Connection.php on line 327.
 1 SYSTEMPATH\Database\MySQLi\Connection.php(327): mysqli->query('SELECT *
FROM `user` `u`
JOIN `level` `l` ON `u`.`level` = `l`.`id_level`
WHERE `u`.`level` != 1
AND `user`.`isdelete` = 0
OR `u`.`id_user` = \'1\'', 0)
 2 SYSTEMPATH\Database\BaseConnection.php(729): CodeIgniter\Database\MySQLi\Connection->execute('SELECT *
FROM `user` `u`
JOIN `level` `l` ON `u`.`level` = `l`.`id_level`
WHERE `u`.`level` != 1
AND `user`.`isdelete` = 0
OR `u`.`id_user` = \'1\'')
 3 SYSTEMPATH\Database\BaseConnection.php(646): CodeIgniter\Database\BaseConnection->simpleQuery('SELECT *
FROM `user` `u`
JOIN `level` `l` ON `u`.`level` = `l`.`id_level`
WHERE `u`.`level` != 1
AND `user`.`isdelete` = 0
OR `u`.`id_user` = \'1\'')
 4 SYSTEMPATH\Database\BaseBuilder.php(1649): CodeIgniter\Database\BaseConnection->query('SELECT *
FROM `user` `u`
JOIN `level` `l` ON `u`.`level` = `l`.`id_level`
WHERE `u`.`level` != :u.level:
AND `user`.`isdelete` = :user.isdelete:
OR `u`.`id_user` = :u.id_user:', [...], false)
 5 APPPATH\Models\M_ekskul.php(42): CodeIgniter\Database\BaseBuilder->get()
 6 APPPATH\Controllers\User.php(56): App\Models\M_ekskul->userWithoutRoot()
 7 SYSTEMPATH\CodeIgniter.php(933): App\Controllers\User->index()
 8 SYSTEMPATH\CodeIgniter.php(507): CodeIgniter\CodeIgniter->runController(Object(App\Controllers\User))
 9 SYSTEMPATH\CodeIgniter.php(354): CodeIgniter\CodeIgniter->handleRequest(null, Object(Config\Cache), false)
10 SYSTEMPATH\Boot.php(363): CodeIgniter\CodeIgniter->run()
11 SYSTEMPATH\Boot.php(68): CodeIgniter\Boot::runCodeIgniter(Object(CodeIgniter\CodeIgniter))
12 FCPATH\index.php(59): CodeIgniter\Boot::bootWeb(Object(Config\Paths))
13 SYSTEMPATH\rewrite.php(44): require_once('C:\\Users\\7U400.COM\\Downloads\\pointofsale-master\\public\\index.php')
