CRITICAL - 2026-01-05 07:30:44 --> TypeError: App\Controllers\Todolist::index(): Return value must be of type string, none returned
[Method: GET, Route: /]
in APPPATH\Controllers\Todolist.php on line 12.
 1 SYSTEMPATH\CodeIgniter.php(933): App\Controllers\Todolist->index()
 2 SYSTEMPATH\CodeIgniter.php(507): CodeIgniter\CodeIgniter->runController(Object(App\Controllers\Todolist))
 3 SYSTEMPATH\CodeIgniter.php(354): CodeIgniter\CodeIgniter->handleRequest(null, Object(Config\Cache), false)
 4 SYSTEMPATH\Boot.php(363): CodeIgniter\CodeIgniter->run()
 5 SYSTEMPATH\Boot.php(68): CodeIgniter\Boot::runCodeIgniter(Object(CodeIgniter\CodeIgniter))
 6 FCPATH\index.php(59): CodeIgniter\Boot::bootWeb(Object(Config\Paths))
 7 SYSTEMPATH\rewrite.php(44): require_once('I:\\My Drive\\mey\\todolist\\public\\index.php')
CRITICAL - 2026-01-05 07:32:10 --> TypeError: App\Controllers\Todolist::index(): Return value must be of type string, none returned
[Method: GET, Route: /]
in APPPATH\Controllers\Todolist.php on line 12.
 1 SYSTEMPATH\CodeIgniter.php(933): App\Controllers\Todolist->index()
 2 SYSTEMPATH\CodeIgniter.php(507): CodeIgniter\CodeIgniter->runController(Object(App\Controllers\Todolist))
 3 SYSTEMPATH\CodeIgniter.php(354): CodeIgniter\CodeIgniter->handleRequest(null, Object(Config\Cache), false)
 4 SYSTEMPATH\Boot.php(363): CodeIgniter\CodeIgniter->run()
 5 SYSTEMPATH\Boot.php(68): CodeIgniter\Boot::runCodeIgniter(Object(CodeIgniter\CodeIgniter))
 6 FCPATH\index.php(59): CodeIgniter\Boot::bootWeb(Object(Config\Paths))
 7 SYSTEMPATH\rewrite.php(44): require_once('I:\\My Drive\\mey\\todolist\\public\\index.php')
CRITICAL - 2026-01-05 07:32:34 --> TypeError: App\Controllers\Todolist::index(): Return value must be of type string, none returned
[Method: GET, Route: /]
in APPPATH\Controllers\Todolist.php on line 12.
 1 SYSTEMPATH\CodeIgniter.php(933): App\Controllers\Todolist->index()
 2 SYSTEMPATH\CodeIgniter.php(507): CodeIgniter\CodeIgniter->runController(Object(App\Controllers\Todolist))
 3 SYSTEMPATH\CodeIgniter.php(354): CodeIgniter\CodeIgniter->handleRequest(null, Object(Config\Cache), false)
 4 SYSTEMPATH\Boot.php(363): CodeIgniter\CodeIgniter->run()
 5 SYSTEMPATH\Boot.php(68): CodeIgniter\Boot::runCodeIgniter(Object(CodeIgniter\CodeIgniter))
 6 FCPATH\index.php(59): CodeIgniter\Boot::bootWeb(Object(Config\Paths))
 7 SYSTEMPATH\rewrite.php(44): require_once('I:\\My Drive\\mey\\todolist\\public\\index.php')
CRITICAL - 2026-01-05 07:33:23 --> TypeError: App\Controllers\Todolist::index(): Return value must be of type string, none returned
[Method: GET, Route: /]
in APPPATH\Controllers\Todolist.php on line 12.
 1 SYSTEMPATH\CodeIgniter.php(933): App\Controllers\Todolist->index()
 2 SYSTEMPATH\CodeIgniter.php(507): CodeIgniter\CodeIgniter->runController(Object(App\Controllers\Todolist))
 3 SYSTEMPATH\CodeIgniter.php(354): CodeIgniter\CodeIgniter->handleRequest(null, Object(Config\Cache), false)
 4 SYSTEMPATH\Boot.php(363): CodeIgniter\CodeIgniter->run()
 5 SYSTEMPATH\Boot.php(68): CodeIgniter\Boot::runCodeIgniter(Object(CodeIgniter\CodeIgniter))
 6 FCPATH\index.php(59): CodeIgniter\Boot::bootWeb(Object(Config\Paths))
 7 SYSTEMPATH\rewrite.php(44): require_once('I:\\My Drive\\mey\\todolist\\public\\index.php')
CRITICAL - 2026-01-05 07:33:43 --> TypeError: App\Controllers\Todolist::index(): Return value must be of type string, none returned
[Method: GET, Route: /]
in APPPATH\Controllers\Todolist.php on line 12.
 1 SYSTEMPATH\CodeIgniter.php(933): App\Controllers\Todolist->index()
 2 SYSTEMPATH\CodeIgniter.php(507): CodeIgniter\CodeIgniter->runController(Object(App\Controllers\Todolist))
 3 SYSTEMPATH\CodeIgniter.php(354): CodeIgniter\CodeIgniter->handleRequest(null, Object(Config\Cache), false)
 4 SYSTEMPATH\Boot.php(363): CodeIgniter\CodeIgniter->run()
 5 SYSTEMPATH\Boot.php(68): CodeIgniter\Boot::runCodeIgniter(Object(CodeIgniter\CodeIgniter))
 6 FCPATH\index.php(59): CodeIgniter\Boot::bootWeb(Object(Config\Paths))
 7 SYSTEMPATH\rewrite.php(44): require_once('I:\\My Drive\\mey\\todolist\\public\\index.php')
CRITICAL - 2026-01-05 07:34:54 --> TypeError: App\Controllers\Todolist::index(): Return value must be of type string, none returned
[Method: GET, Route: to]
in APPPATH\Controllers\Todolist.php on line 12.
 1 SYSTEMPATH\CodeIgniter.php(933): App\Controllers\Todolist->index()
 2 SYSTEMPATH\CodeIgniter.php(507): CodeIgniter\CodeIgniter->runController(Object(App\Controllers\Todolist))
 3 SYSTEMPATH\CodeIgniter.php(354): CodeIgniter\CodeIgniter->handleRequest(null, Object(Config\Cache), false)
 4 SYSTEMPATH\Boot.php(363): CodeIgniter\CodeIgniter->run()
 5 SYSTEMPATH\Boot.php(68): CodeIgniter\Boot::runCodeIgniter(Object(CodeIgniter\CodeIgniter))
 6 FCPATH\index.php(59): CodeIgniter\Boot::bootWeb(Object(Config\Paths))
 7 SYSTEMPATH\rewrite.php(44): require_once('I:\\My Drive\\mey\\todolist\\public\\index.php')
CRITICAL - 2026-01-05 07:35:09 --> TypeError: App\Controllers\Todolist::index(): Return value must be of type string, none returned
[Method: GET, Route: to]
in APPPATH\Controllers\Todolist.php on line 12.
 1 SYSTEMPATH\CodeIgniter.php(933): App\Controllers\Todolist->index()
 2 SYSTEMPATH\CodeIgniter.php(507): CodeIgniter\CodeIgniter->runController(Object(App\Controllers\Todolist))
 3 SYSTEMPATH\CodeIgniter.php(354): CodeIgniter\CodeIgniter->handleRequest(null, Object(Config\Cache), false)
 4 SYSTEMPATH\Boot.php(363): CodeIgniter\CodeIgniter->run()
 5 SYSTEMPATH\Boot.php(68): CodeIgniter\Boot::runCodeIgniter(Object(CodeIgniter\CodeIgniter))
 6 FCPATH\index.php(59): CodeIgniter\Boot::bootWeb(Object(Config\Paths))
 7 SYSTEMPATH\rewrite.php(44): require_once('I:\\My Drive\\mey\\todolist\\public\\index.php')
ERROR - 2026-01-05 07:53:20 --> Error connecting to the database: mysqli_sql_exception: Access denied for user ''@'localhost' (using password: NO) in I:\My Drive\mey\todolist\system\Database\MySQLi\Connection.php:201
Stack trace:
#0 I:\My Drive\mey\todolist\system\Database\MySQLi\Connection.php(201): mysqli->real_connect('localhost', '', Object(SensitiveParameterValue), '', 3306, '', 0)
#1 I:\My Drive\mey\todolist\system\Database\BaseConnection.php(419): CodeIgniter\Database\MySQLi\Connection->connect(false)
#2 I:\My Drive\mey\todolist\system\Database\BaseConnection.php(614): CodeIgniter\Database\BaseConnection->initialize()
#3 I:\My Drive\mey\todolist\system\Database\BaseBuilder.php(1649): CodeIgniter\Database\BaseConnection->query('SELECT *\nFROM `...', Array, false)
#4 I:\My Drive\mey\todolist\app\Models\M_todolist.php(18): CodeIgniter\Database\BaseBuilder->get()
#5 I:\My Drive\mey\todolist\app\Controllers\Todolist.php(13): App\Models\M_todolist->todolistdone()
#6 I:\My Drive\mey\todolist\system\CodeIgniter.php(933): App\Controllers\Todolist->index()
#7 I:\My Drive\mey\todolist\system\CodeIgniter.php(507): CodeIgniter\CodeIgniter->runController(Object(App\Controllers\Todolist))
#8 I:\My Drive\mey\todolist\system\CodeIgniter.php(354): CodeIgniter\CodeIgniter->handleRequest(NULL, Object(Config\Cache), false)
#9 I:\My Drive\mey\todolist\system\Boot.php(363): CodeIgniter\CodeIgniter->run()
#10 I:\My Drive\mey\todolist\system\Boot.php(68): CodeIgniter\Boot::runCodeIgniter(Object(CodeIgniter\CodeIgniter))
#11 I:\My Drive\mey\todolist\public\index.php(59): CodeIgniter\Boot::bootWeb(Object(Config\Paths))
#12 I:\My Drive\mey\todolist\system\rewrite.php(44): require_once('I:\\My Drive\\mey...')
#13 {main}

Next CodeIgniter\Database\Exceptions\DatabaseException: Access denied for user ''@'localhost' (using password: NO) in I:\My Drive\mey\todolist\system\Database\MySQLi\Connection.php:246
Stack trace:
#0 I:\My Drive\mey\todolist\system\Database\BaseConnection.php(419): CodeIgniter\Database\MySQLi\Connection->connect(false)
#1 I:\My Drive\mey\todolist\system\Database\BaseConnection.php(614): CodeIgniter\Database\BaseConnection->initialize()
#2 I:\My Drive\mey\todolist\system\Database\BaseBuilder.php(1649): CodeIgniter\Database\BaseConnection->query('SELECT *\nFROM `...', Array, false)
#3 I:\My Drive\mey\todolist\app\Models\M_todolist.php(18): CodeIgniter\Database\BaseBuilder->get()
#4 I:\My Drive\mey\todolist\app\Controllers\Todolist.php(13): App\Models\M_todolist->todolistdone()
#5 I:\My Drive\mey\todolist\system\CodeIgniter.php(933): App\Controllers\Todolist->index()
#6 I:\My Drive\mey\todolist\system\CodeIgniter.php(507): CodeIgniter\CodeIgniter->runController(Object(App\Controllers\Todolist))
#7 I:\My Drive\mey\todolist\system\CodeIgniter.php(354): CodeIgniter\CodeIgniter->handleRequest(NULL, Object(Config\Cache), false)
#8 I:\My Drive\mey\todolist\system\Boot.php(363): CodeIgniter\CodeIgniter->run()
#9 I:\My Drive\mey\todolist\system\Boot.php(68): CodeIgniter\Boot::runCodeIgniter(Object(CodeIgniter\CodeIgniter))
#10 I:\My Drive\mey\todolist\public\index.php(59): CodeIgniter\Boot::bootWeb(Object(Config\Paths))
#11 I:\My Drive\mey\todolist\system\rewrite.php(44): require_once('I:\\My Drive\\mey...')
#12 {main}
CRITICAL - 2026-01-05 07:53:20 --> CodeIgniter\Database\Exceptions\DatabaseException: Unable to connect to the database.
Main connection [MySQLi]: Access denied for user ''@'localhost' (using password: NO)
[Method: GET, Route: /]
in SYSTEMPATH\Database\BaseConnection.php on line 465.
 1 SYSTEMPATH\Database\BaseConnection.php(614): CodeIgniter\Database\BaseConnection->initialize()
 2 SYSTEMPATH\Database\BaseBuilder.php(1649): CodeIgniter\Database\BaseConnection->query('SELECT *
FROM `todolist`
WHERE `Status` = :Status:', [...], false)
 3 APPPATH\Models\M_todolist.php(18): CodeIgniter\Database\BaseBuilder->get()
 4 APPPATH\Controllers\Todolist.php(13): App\Models\M_todolist->todolistdone()
 5 SYSTEMPATH\CodeIgniter.php(933): App\Controllers\Todolist->index()
 6 SYSTEMPATH\CodeIgniter.php(507): CodeIgniter\CodeIgniter->runController(Object(App\Controllers\Todolist))
 7 SYSTEMPATH\CodeIgniter.php(354): CodeIgniter\CodeIgniter->handleRequest(null, Object(Config\Cache), false)
 8 SYSTEMPATH\Boot.php(363): CodeIgniter\CodeIgniter->run()
 9 SYSTEMPATH\Boot.php(68): CodeIgniter\Boot::runCodeIgniter(Object(CodeIgniter\CodeIgniter))
10 FCPATH\index.php(59): CodeIgniter\Boot::bootWeb(Object(Config\Paths))
11 SYSTEMPATH\rewrite.php(44): require_once('I:\\My Drive\\mey\\todolist\\public\\index.php')
ERROR - 2026-01-05 07:53:26 --> Error connecting to the database: mysqli_sql_exception: Access denied for user ''@'localhost' (using password: NO) in I:\My Drive\mey\todolist\system\Database\MySQLi\Connection.php:201
Stack trace:
#0 I:\My Drive\mey\todolist\system\Database\MySQLi\Connection.php(201): mysqli->real_connect('localhost', '', Object(SensitiveParameterValue), '', 3306, '', 0)
#1 I:\My Drive\mey\todolist\system\Database\BaseConnection.php(419): CodeIgniter\Database\MySQLi\Connection->connect(false)
#2 I:\My Drive\mey\todolist\system\Database\BaseConnection.php(614): CodeIgniter\Database\BaseConnection->initialize()
#3 I:\My Drive\mey\todolist\system\Database\BaseBuilder.php(1649): CodeIgniter\Database\BaseConnection->query('SELECT *\nFROM `...', Array, false)
#4 I:\My Drive\mey\todolist\app\Models\M_todolist.php(18): CodeIgniter\Database\BaseBuilder->get()
#5 I:\My Drive\mey\todolist\app\Controllers\Todolist.php(13): App\Models\M_todolist->todolistdone()
#6 I:\My Drive\mey\todolist\system\CodeIgniter.php(933): App\Controllers\Todolist->index()
#7 I:\My Drive\mey\todolist\system\CodeIgniter.php(507): CodeIgniter\CodeIgniter->runController(Object(App\Controllers\Todolist))
#8 I:\My Drive\mey\todolist\system\CodeIgniter.php(354): CodeIgniter\CodeIgniter->handleRequest(NULL, Object(Config\Cache), false)
#9 I:\My Drive\mey\todolist\system\Boot.php(363): CodeIgniter\CodeIgniter->run()
#10 I:\My Drive\mey\todolist\system\Boot.php(68): CodeIgniter\Boot::runCodeIgniter(Object(CodeIgniter\CodeIgniter))
#11 I:\My Drive\mey\todolist\public\index.php(59): CodeIgniter\Boot::bootWeb(Object(Config\Paths))
#12 I:\My Drive\mey\todolist\system\rewrite.php(44): require_once('I:\\My Drive\\mey...')
#13 {main}

Next CodeIgniter\Database\Exceptions\DatabaseException: Access denied for user ''@'localhost' (using password: NO) in I:\My Drive\mey\todolist\system\Database\MySQLi\Connection.php:246
Stack trace:
#0 I:\My Drive\mey\todolist\system\Database\BaseConnection.php(419): CodeIgniter\Database\MySQLi\Connection->connect(false)
#1 I:\My Drive\mey\todolist\system\Database\BaseConnection.php(614): CodeIgniter\Database\BaseConnection->initialize()
#2 I:\My Drive\mey\todolist\system\Database\BaseBuilder.php(1649): CodeIgniter\Database\BaseConnection->query('SELECT *\nFROM `...', Array, false)
#3 I:\My Drive\mey\todolist\app\Models\M_todolist.php(18): CodeIgniter\Database\BaseBuilder->get()
#4 I:\My Drive\mey\todolist\app\Controllers\Todolist.php(13): App\Models\M_todolist->todolistdone()
#5 I:\My Drive\mey\todolist\system\CodeIgniter.php(933): App\Controllers\Todolist->index()
#6 I:\My Drive\mey\todolist\system\CodeIgniter.php(507): CodeIgniter\CodeIgniter->runController(Object(App\Controllers\Todolist))
#7 I:\My Drive\mey\todolist\system\CodeIgniter.php(354): CodeIgniter\CodeIgniter->handleRequest(NULL, Object(Config\Cache), false)
#8 I:\My Drive\mey\todolist\system\Boot.php(363): CodeIgniter\CodeIgniter->run()
#9 I:\My Drive\mey\todolist\system\Boot.php(68): CodeIgniter\Boot::runCodeIgniter(Object(CodeIgniter\CodeIgniter))
#10 I:\My Drive\mey\todolist\public\index.php(59): CodeIgniter\Boot::bootWeb(Object(Config\Paths))
#11 I:\My Drive\mey\todolist\system\rewrite.php(44): require_once('I:\\My Drive\\mey...')
#12 {main}
CRITICAL - 2026-01-05 07:53:26 --> CodeIgniter\Database\Exceptions\DatabaseException: Unable to connect to the database.
Main connection [MySQLi]: Access denied for user ''@'localhost' (using password: NO)
[Method: GET, Route: /]
in SYSTEMPATH\Database\BaseConnection.php on line 465.
 1 SYSTEMPATH\Database\BaseConnection.php(614): CodeIgniter\Database\BaseConnection->initialize()
 2 SYSTEMPATH\Database\BaseBuilder.php(1649): CodeIgniter\Database\BaseConnection->query('SELECT *
FROM `todolist`
WHERE `Status` = :Status:', [...], false)
 3 APPPATH\Models\M_todolist.php(18): CodeIgniter\Database\BaseBuilder->get()
 4 APPPATH\Controllers\Todolist.php(13): App\Models\M_todolist->todolistdone()
 5 SYSTEMPATH\CodeIgniter.php(933): App\Controllers\Todolist->index()
 6 SYSTEMPATH\CodeIgniter.php(507): CodeIgniter\CodeIgniter->runController(Object(App\Controllers\Todolist))
 7 SYSTEMPATH\CodeIgniter.php(354): CodeIgniter\CodeIgniter->handleRequest(null, Object(Config\Cache), false)
 8 SYSTEMPATH\Boot.php(363): CodeIgniter\CodeIgniter->run()
 9 SYSTEMPATH\Boot.php(68): CodeIgniter\Boot::runCodeIgniter(Object(CodeIgniter\CodeIgniter))
10 FCPATH\index.php(59): CodeIgniter\Boot::bootWeb(Object(Config\Paths))
11 SYSTEMPATH\rewrite.php(44): require_once('I:\\My Drive\\mey\\todolist\\public\\index.php')
ERROR - 2026-01-05 07:53:42 --> Error connecting to the database: mysqli_sql_exception: Access denied for user ''@'localhost' (using password: NO) in I:\My Drive\mey\todolist\system\Database\MySQLi\Connection.php:201
Stack trace:
#0 I:\My Drive\mey\todolist\system\Database\MySQLi\Connection.php(201): mysqli->real_connect('localhost', '', Object(SensitiveParameterValue), '', 3306, '', 0)
#1 I:\My Drive\mey\todolist\system\Database\BaseConnection.php(419): CodeIgniter\Database\MySQLi\Connection->connect(false)
#2 I:\My Drive\mey\todolist\system\Database\BaseConnection.php(614): CodeIgniter\Database\BaseConnection->initialize()
#3 I:\My Drive\mey\todolist\system\Database\BaseBuilder.php(1649): CodeIgniter\Database\BaseConnection->query('SELECT *\nFROM `...', Array, false)
#4 I:\My Drive\mey\todolist\app\Models\M_todolist.php(18): CodeIgniter\Database\BaseBuilder->get()
#5 I:\My Drive\mey\todolist\app\Controllers\Todolist.php(13): App\Models\M_todolist->todolistdone()
#6 I:\My Drive\mey\todolist\system\CodeIgniter.php(933): App\Controllers\Todolist->index()
#7 I:\My Drive\mey\todolist\system\CodeIgniter.php(507): CodeIgniter\CodeIgniter->runController(Object(App\Controllers\Todolist))
#8 I:\My Drive\mey\todolist\system\CodeIgniter.php(354): CodeIgniter\CodeIgniter->handleRequest(NULL, Object(Config\Cache), false)
#9 I:\My Drive\mey\todolist\system\Boot.php(363): CodeIgniter\CodeIgniter->run()
#10 I:\My Drive\mey\todolist\system\Boot.php(68): CodeIgniter\Boot::runCodeIgniter(Object(CodeIgniter\CodeIgniter))
#11 I:\My Drive\mey\todolist\public\index.php(59): CodeIgniter\Boot::bootWeb(Object(Config\Paths))
#12 I:\My Drive\mey\todolist\system\rewrite.php(44): require_once('I:\\My Drive\\mey...')
#13 {main}

Next CodeIgniter\Database\Exceptions\DatabaseException: Access denied for user ''@'localhost' (using password: NO) in I:\My Drive\mey\todolist\system\Database\MySQLi\Connection.php:246
Stack trace:
#0 I:\My Drive\mey\todolist\system\Database\BaseConnection.php(419): CodeIgniter\Database\MySQLi\Connection->connect(false)
#1 I:\My Drive\mey\todolist\system\Database\BaseConnection.php(614): CodeIgniter\Database\BaseConnection->initialize()
#2 I:\My Drive\mey\todolist\system\Database\BaseBuilder.php(1649): CodeIgniter\Database\BaseConnection->query('SELECT *\nFROM `...', Array, false)
#3 I:\My Drive\mey\todolist\app\Models\M_todolist.php(18): CodeIgniter\Database\BaseBuilder->get()
#4 I:\My Drive\mey\todolist\app\Controllers\Todolist.php(13): App\Models\M_todolist->todolistdone()
#5 I:\My Drive\mey\todolist\system\CodeIgniter.php(933): App\Controllers\Todolist->index()
#6 I:\My Drive\mey\todolist\system\CodeIgniter.php(507): CodeIgniter\CodeIgniter->runController(Object(App\Controllers\Todolist))
#7 I:\My Drive\mey\todolist\system\CodeIgniter.php(354): CodeIgniter\CodeIgniter->handleRequest(NULL, Object(Config\Cache), false)
#8 I:\My Drive\mey\todolist\system\Boot.php(363): CodeIgniter\CodeIgniter->run()
#9 I:\My Drive\mey\todolist\system\Boot.php(68): CodeIgniter\Boot::runCodeIgniter(Object(CodeIgniter\CodeIgniter))
#10 I:\My Drive\mey\todolist\public\index.php(59): CodeIgniter\Boot::bootWeb(Object(Config\Paths))
#11 I:\My Drive\mey\todolist\system\rewrite.php(44): require_once('I:\\My Drive\\mey...')
#12 {main}
CRITICAL - 2026-01-05 07:53:42 --> CodeIgniter\Database\Exceptions\DatabaseException: Unable to connect to the database.
Main connection [MySQLi]: Access denied for user ''@'localhost' (using password: NO)
[Method: GET, Route: /]
in SYSTEMPATH\Database\BaseConnection.php on line 465.
 1 SYSTEMPATH\Database\BaseConnection.php(614): CodeIgniter\Database\BaseConnection->initialize()
 2 SYSTEMPATH\Database\BaseBuilder.php(1649): CodeIgniter\Database\BaseConnection->query('SELECT *
FROM `todolist`
WHERE `Status` = :Status:', [...], false)
 3 APPPATH\Models\M_todolist.php(18): CodeIgniter\Database\BaseBuilder->get()
 4 APPPATH\Controllers\Todolist.php(13): App\Models\M_todolist->todolistdone()
 5 SYSTEMPATH\CodeIgniter.php(933): App\Controllers\Todolist->index()
 6 SYSTEMPATH\CodeIgniter.php(507): CodeIgniter\CodeIgniter->runController(Object(App\Controllers\Todolist))
 7 SYSTEMPATH\CodeIgniter.php(354): CodeIgniter\CodeIgniter->handleRequest(null, Object(Config\Cache), false)
 8 SYSTEMPATH\Boot.php(363): CodeIgniter\CodeIgniter->run()
 9 SYSTEMPATH\Boot.php(68): CodeIgniter\Boot::runCodeIgniter(Object(CodeIgniter\CodeIgniter))
10 FCPATH\index.php(59): CodeIgniter\Boot::bootWeb(Object(Config\Paths))
11 SYSTEMPATH\rewrite.php(44): require_once('I:\\My Drive\\mey\\todolist\\public\\index.php')
ERROR - 2026-01-05 07:54:03 --> Error connecting to the database: mysqli_sql_exception: Access denied for user ''@'localhost' (using password: NO) in I:\My Drive\mey\todolist\system\Database\MySQLi\Connection.php:201
Stack trace:
#0 I:\My Drive\mey\todolist\system\Database\MySQLi\Connection.php(201): mysqli->real_connect('localhost', '', Object(SensitiveParameterValue), '', 3306, '', 0)
#1 I:\My Drive\mey\todolist\system\Database\BaseConnection.php(419): CodeIgniter\Database\MySQLi\Connection->connect(false)
#2 I:\My Drive\mey\todolist\system\Database\BaseConnection.php(614): CodeIgniter\Database\BaseConnection->initialize()
#3 I:\My Drive\mey\todolist\system\Database\BaseBuilder.php(1649): CodeIgniter\Database\BaseConnection->query('SELECT *\nFROM `...', Array, false)
#4 I:\My Drive\mey\todolist\app\Models\M_todolist.php(18): CodeIgniter\Database\BaseBuilder->get()
#5 I:\My Drive\mey\todolist\app\Controllers\Todolist.php(13): App\Models\M_todolist->todolistdone()
#6 I:\My Drive\mey\todolist\system\CodeIgniter.php(933): App\Controllers\Todolist->index()
#7 I:\My Drive\mey\todolist\system\CodeIgniter.php(507): CodeIgniter\CodeIgniter->runController(Object(App\Controllers\Todolist))
#8 I:\My Drive\mey\todolist\system\CodeIgniter.php(354): CodeIgniter\CodeIgniter->handleRequest(NULL, Object(Config\Cache), false)
#9 I:\My Drive\mey\todolist\system\Boot.php(363): CodeIgniter\CodeIgniter->run()
#10 I:\My Drive\mey\todolist\system\Boot.php(68): CodeIgniter\Boot::runCodeIgniter(Object(CodeIgniter\CodeIgniter))
#11 I:\My Drive\mey\todolist\public\index.php(59): CodeIgniter\Boot::bootWeb(Object(Config\Paths))
#12 I:\My Drive\mey\todolist\system\rewrite.php(44): require_once('I:\\My Drive\\mey...')
#13 {main}

Next CodeIgniter\Database\Exceptions\DatabaseException: Access denied for user ''@'localhost' (using password: NO) in I:\My Drive\mey\todolist\system\Database\MySQLi\Connection.php:246
Stack trace:
#0 I:\My Drive\mey\todolist\system\Database\BaseConnection.php(419): CodeIgniter\Database\MySQLi\Connection->connect(false)
#1 I:\My Drive\mey\todolist\system\Database\BaseConnection.php(614): CodeIgniter\Database\BaseConnection->initialize()
#2 I:\My Drive\mey\todolist\system\Database\BaseBuilder.php(1649): CodeIgniter\Database\BaseConnection->query('SELECT *\nFROM `...', Array, false)
#3 I:\My Drive\mey\todolist\app\Models\M_todolist.php(18): CodeIgniter\Database\BaseBuilder->get()
#4 I:\My Drive\mey\todolist\app\Controllers\Todolist.php(13): App\Models\M_todolist->todolistdone()
#5 I:\My Drive\mey\todolist\system\CodeIgniter.php(933): App\Controllers\Todolist->index()
#6 I:\My Drive\mey\todolist\system\CodeIgniter.php(507): CodeIgniter\CodeIgniter->runController(Object(App\Controllers\Todolist))
#7 I:\My Drive\mey\todolist\system\CodeIgniter.php(354): CodeIgniter\CodeIgniter->handleRequest(NULL, Object(Config\Cache), false)
#8 I:\My Drive\mey\todolist\system\Boot.php(363): CodeIgniter\CodeIgniter->run()
#9 I:\My Drive\mey\todolist\system\Boot.php(68): CodeIgniter\Boot::runCodeIgniter(Object(CodeIgniter\CodeIgniter))
#10 I:\My Drive\mey\todolist\public\index.php(59): CodeIgniter\Boot::bootWeb(Object(Config\Paths))
#11 I:\My Drive\mey\todolist\system\rewrite.php(44): require_once('I:\\My Drive\\mey...')
#12 {main}
CRITICAL - 2026-01-05 07:54:03 --> CodeIgniter\Database\Exceptions\DatabaseException: Unable to connect to the database.
Main connection [MySQLi]: Access denied for user ''@'localhost' (using password: NO)
[Method: GET, Route: /]
in SYSTEMPATH\Database\BaseConnection.php on line 465.
 1 SYSTEMPATH\Database\BaseConnection.php(614): CodeIgniter\Database\BaseConnection->initialize()
 2 SYSTEMPATH\Database\BaseBuilder.php(1649): CodeIgniter\Database\BaseConnection->query('SELECT *
FROM `todolist`
WHERE `Status` = :Status:', [...], false)
 3 APPPATH\Models\M_todolist.php(18): CodeIgniter\Database\BaseBuilder->get()
 4 APPPATH\Controllers\Todolist.php(13): App\Models\M_todolist->todolistdone()
 5 SYSTEMPATH\CodeIgniter.php(933): App\Controllers\Todolist->index()
 6 SYSTEMPATH\CodeIgniter.php(507): CodeIgniter\CodeIgniter->runController(Object(App\Controllers\Todolist))
 7 SYSTEMPATH\CodeIgniter.php(354): CodeIgniter\CodeIgniter->handleRequest(null, Object(Config\Cache), false)
 8 SYSTEMPATH\Boot.php(363): CodeIgniter\CodeIgniter->run()
 9 SYSTEMPATH\Boot.php(68): CodeIgniter\Boot::runCodeIgniter(Object(CodeIgniter\CodeIgniter))
10 FCPATH\index.php(59): CodeIgniter\Boot::bootWeb(Object(Config\Paths))
11 SYSTEMPATH\rewrite.php(44): require_once('I:\\My Drive\\mey\\todolist\\public\\index.php')
ERROR - 2026-01-05 07:54:10 --> Error connecting to the database: mysqli_sql_exception: Access denied for user ''@'localhost' (using password: NO) in I:\My Drive\mey\todolist\system\Database\MySQLi\Connection.php:201
Stack trace:
#0 I:\My Drive\mey\todolist\system\Database\MySQLi\Connection.php(201): mysqli->real_connect('localhost', '', Object(SensitiveParameterValue), '', 3306, '', 0)
#1 I:\My Drive\mey\todolist\system\Database\BaseConnection.php(419): CodeIgniter\Database\MySQLi\Connection->connect(false)
#2 I:\My Drive\mey\todolist\system\Database\BaseConnection.php(614): CodeIgniter\Database\BaseConnection->initialize()
#3 I:\My Drive\mey\todolist\system\Database\BaseBuilder.php(1649): CodeIgniter\Database\BaseConnection->query('SELECT *\nFROM `...', Array, false)
#4 I:\My Drive\mey\todolist\app\Models\M_todolist.php(18): CodeIgniter\Database\BaseBuilder->get()
#5 I:\My Drive\mey\todolist\app\Controllers\Todolist.php(13): App\Models\M_todolist->todolistdone()
#6 I:\My Drive\mey\todolist\system\CodeIgniter.php(933): App\Controllers\Todolist->index()
#7 I:\My Drive\mey\todolist\system\CodeIgniter.php(507): CodeIgniter\CodeIgniter->runController(Object(App\Controllers\Todolist))
#8 I:\My Drive\mey\todolist\system\CodeIgniter.php(354): CodeIgniter\CodeIgniter->handleRequest(NULL, Object(Config\Cache), false)
#9 I:\My Drive\mey\todolist\system\Boot.php(363): CodeIgniter\CodeIgniter->run()
#10 I:\My Drive\mey\todolist\system\Boot.php(68): CodeIgniter\Boot::runCodeIgniter(Object(CodeIgniter\CodeIgniter))
#11 I:\My Drive\mey\todolist\public\index.php(59): CodeIgniter\Boot::bootWeb(Object(Config\Paths))
#12 I:\My Drive\mey\todolist\system\rewrite.php(44): require_once('I:\\My Drive\\mey...')
#13 {main}

Next CodeIgniter\Database\Exceptions\DatabaseException: Access denied for user ''@'localhost' (using password: NO) in I:\My Drive\mey\todolist\system\Database\MySQLi\Connection.php:246
Stack trace:
#0 I:\My Drive\mey\todolist\system\Database\BaseConnection.php(419): CodeIgniter\Database\MySQLi\Connection->connect(false)
#1 I:\My Drive\mey\todolist\system\Database\BaseConnection.php(614): CodeIgniter\Database\BaseConnection->initialize()
#2 I:\My Drive\mey\todolist\system\Database\BaseBuilder.php(1649): CodeIgniter\Database\BaseConnection->query('SELECT *\nFROM `...', Array, false)
#3 I:\My Drive\mey\todolist\app\Models\M_todolist.php(18): CodeIgniter\Database\BaseBuilder->get()
#4 I:\My Drive\mey\todolist\app\Controllers\Todolist.php(13): App\Models\M_todolist->todolistdone()
#5 I:\My Drive\mey\todolist\system\CodeIgniter.php(933): App\Controllers\Todolist->index()
#6 I:\My Drive\mey\todolist\system\CodeIgniter.php(507): CodeIgniter\CodeIgniter->runController(Object(App\Controllers\Todolist))
#7 I:\My Drive\mey\todolist\system\CodeIgniter.php(354): CodeIgniter\CodeIgniter->handleRequest(NULL, Object(Config\Cache), false)
#8 I:\My Drive\mey\todolist\system\Boot.php(363): CodeIgniter\CodeIgniter->run()
#9 I:\My Drive\mey\todolist\system\Boot.php(68): CodeIgniter\Boot::runCodeIgniter(Object(CodeIgniter\CodeIgniter))
#10 I:\My Drive\mey\todolist\public\index.php(59): CodeIgniter\Boot::bootWeb(Object(Config\Paths))
#11 I:\My Drive\mey\todolist\system\rewrite.php(44): require_once('I:\\My Drive\\mey...')
#12 {main}
CRITICAL - 2026-01-05 07:54:10 --> CodeIgniter\Database\Exceptions\DatabaseException: Unable to connect to the database.
Main connection [MySQLi]: Access denied for user ''@'localhost' (using password: NO)
[Method: GET, Route: /]
in SYSTEMPATH\Database\BaseConnection.php on line 465.
 1 SYSTEMPATH\Database\BaseConnection.php(614): CodeIgniter\Database\BaseConnection->initialize()
 2 SYSTEMPATH\Database\BaseBuilder.php(1649): CodeIgniter\Database\BaseConnection->query('SELECT *
FROM `todolist`
WHERE `Status` = :Status:', [...], false)
 3 APPPATH\Models\M_todolist.php(18): CodeIgniter\Database\BaseBuilder->get()
 4 APPPATH\Controllers\Todolist.php(13): App\Models\M_todolist->todolistdone()
 5 SYSTEMPATH\CodeIgniter.php(933): App\Controllers\Todolist->index()
 6 SYSTEMPATH\CodeIgniter.php(507): CodeIgniter\CodeIgniter->runController(Object(App\Controllers\Todolist))
 7 SYSTEMPATH\CodeIgniter.php(354): CodeIgniter\CodeIgniter->handleRequest(null, Object(Config\Cache), false)
 8 SYSTEMPATH\Boot.php(363): CodeIgniter\CodeIgniter->run()
 9 SYSTEMPATH\Boot.php(68): CodeIgniter\Boot::runCodeIgniter(Object(CodeIgniter\CodeIgniter))
10 FCPATH\index.php(59): CodeIgniter\Boot::bootWeb(Object(Config\Paths))
11 SYSTEMPATH\rewrite.php(44): require_once('I:\\My Drive\\mey\\todolist\\public\\index.php')
ERROR - 2026-01-05 07:57:34 --> mysqli_sql_exception: Table 'todolist.todolist' doesn't exist in I:\My Drive\mey\todolist\system\Database\MySQLi\Connection.php:327
Stack trace:
#0 I:\My Drive\mey\todolist\system\Database\MySQLi\Connection.php(327): mysqli->query('SELECT *\nFROM `...', 0)
#1 I:\My Drive\mey\todolist\system\Database\BaseConnection.php(729): CodeIgniter\Database\MySQLi\Connection->execute('SELECT *\nFROM `...')
#2 I:\My Drive\mey\todolist\system\Database\BaseConnection.php(646): CodeIgniter\Database\BaseConnection->simpleQuery('SELECT *\nFROM `...')
#3 I:\My Drive\mey\todolist\system\Database\BaseBuilder.php(1649): CodeIgniter\Database\BaseConnection->query('SELECT *\nFROM `...', Array, false)
#4 I:\My Drive\mey\todolist\app\Models\M_todolist.php(18): CodeIgniter\Database\BaseBuilder->get()
#5 I:\My Drive\mey\todolist\app\Controllers\Todolist.php(13): App\Models\M_todolist->todolistdone()
#6 I:\My Drive\mey\todolist\system\CodeIgniter.php(933): App\Controllers\Todolist->index()
#7 I:\My Drive\mey\todolist\system\CodeIgniter.php(507): CodeIgniter\CodeIgniter->runController(Object(App\Controllers\Todolist))
#8 I:\My Drive\mey\todolist\system\CodeIgniter.php(354): CodeIgniter\CodeIgniter->handleRequest(NULL, Object(Config\Cache), false)
#9 I:\My Drive\mey\todolist\system\Boot.php(363): CodeIgniter\CodeIgniter->run()
#10 I:\My Drive\mey\todolist\system\Boot.php(68): CodeIgniter\Boot::runCodeIgniter(Object(CodeIgniter\CodeIgniter))
#11 I:\My Drive\mey\todolist\public\index.php(59): CodeIgniter\Boot::bootWeb(Object(Config\Paths))
#12 I:\My Drive\mey\todolist\system\rewrite.php(44): require_once('I:\\My Drive\\mey...')
#13 {main}
CRITICAL - 2026-01-05 07:57:34 --> CodeIgniter\Database\Exceptions\DatabaseException: Table 'todolist.todolist' doesn't exist
[Method: GET, Route: /]
in SYSTEMPATH\Database\BaseConnection.php on line 684.
 1 SYSTEMPATH\Database\BaseBuilder.php(1649): CodeIgniter\Database\BaseConnection->query('SELECT *
FROM `todolist`
WHERE `Status` = :Status:', [...], false)
 2 APPPATH\Models\M_todolist.php(18): CodeIgniter\Database\BaseBuilder->get()
 3 APPPATH\Controllers\Todolist.php(13): App\Models\M_todolist->todolistdone()
 4 SYSTEMPATH\CodeIgniter.php(933): App\Controllers\Todolist->index()
 5 SYSTEMPATH\CodeIgniter.php(507): CodeIgniter\CodeIgniter->runController(Object(App\Controllers\Todolist))
 6 SYSTEMPATH\CodeIgniter.php(354): CodeIgniter\CodeIgniter->handleRequest(null, Object(Config\Cache), false)
 7 SYSTEMPATH\Boot.php(363): CodeIgniter\CodeIgniter->run()
 8 SYSTEMPATH\Boot.php(68): CodeIgniter\Boot::runCodeIgniter(Object(CodeIgniter\CodeIgniter))
 9 FCPATH\index.php(59): CodeIgniter\Boot::bootWeb(Object(Config\Paths))
10 SYSTEMPATH\rewrite.php(44): require_once('I:\\My Drive\\mey\\todolist\\public\\index.php')
CRITICAL - 2026-01-05 07:57:34 --> [Caused by] CodeIgniter\Database\Exceptions\DatabaseException: Table 'todolist.todolist' doesn't exist
in SYSTEMPATH\Database\MySQLi\Connection.php on line 332.
 1 SYSTEMPATH\Database\BaseConnection.php(729): CodeIgniter\Database\MySQLi\Connection->execute('SELECT *
FROM `todolist`
WHERE `Status` = \'Selesai\'')
 2 SYSTEMPATH\Database\BaseConnection.php(646): CodeIgniter\Database\BaseConnection->simpleQuery('SELECT *
FROM `todolist`
WHERE `Status` = \'Selesai\'')
 3 SYSTEMPATH\Database\BaseBuilder.php(1649): CodeIgniter\Database\BaseConnection->query('SELECT *
FROM `todolist`
WHERE `Status` = :Status:', [...], false)
 4 APPPATH\Models\M_todolist.php(18): CodeIgniter\Database\BaseBuilder->get()
 5 APPPATH\Controllers\Todolist.php(13): App\Models\M_todolist->todolistdone()
 6 SYSTEMPATH\CodeIgniter.php(933): App\Controllers\Todolist->index()
 7 SYSTEMPATH\CodeIgniter.php(507): CodeIgniter\CodeIgniter->runController(Object(App\Controllers\Todolist))
 8 SYSTEMPATH\CodeIgniter.php(354): CodeIgniter\CodeIgniter->handleRequest(null, Object(Config\Cache), false)
 9 SYSTEMPATH\Boot.php(363): CodeIgniter\CodeIgniter->run()
10 SYSTEMPATH\Boot.php(68): CodeIgniter\Boot::runCodeIgniter(Object(CodeIgniter\CodeIgniter))
11 FCPATH\index.php(59): CodeIgniter\Boot::bootWeb(Object(Config\Paths))
12 SYSTEMPATH\rewrite.php(44): require_once('I:\\My Drive\\mey\\todolist\\public\\index.php')
CRITICAL - 2026-01-05 07:57:34 --> [Caused by] mysqli_sql_exception: Table 'todolist.todolist' doesn't exist
in SYSTEMPATH\Database\MySQLi\Connection.php on line 327.
 1 SYSTEMPATH\Database\MySQLi\Connection.php(327): mysqli->query('SELECT *
FROM `todolist`
WHERE `Status` = \'Selesai\'', 0)
 2 SYSTEMPATH\Database\BaseConnection.php(729): CodeIgniter\Database\MySQLi\Connection->execute('SELECT *
FROM `todolist`
WHERE `Status` = \'Selesai\'')
 3 SYSTEMPATH\Database\BaseConnection.php(646): CodeIgniter\Database\BaseConnection->simpleQuery('SELECT *
FROM `todolist`
WHERE `Status` = \'Selesai\'')
 4 SYSTEMPATH\Database\BaseBuilder.php(1649): CodeIgniter\Database\BaseConnection->query('SELECT *
FROM `todolist`
WHERE `Status` = :Status:', [...], false)
 5 APPPATH\Models\M_todolist.php(18): CodeIgniter\Database\BaseBuilder->get()
 6 APPPATH\Controllers\Todolist.php(13): App\Models\M_todolist->todolistdone()
 7 SYSTEMPATH\CodeIgniter.php(933): App\Controllers\Todolist->index()
 8 SYSTEMPATH\CodeIgniter.php(507): CodeIgniter\CodeIgniter->runController(Object(App\Controllers\Todolist))
 9 SYSTEMPATH\CodeIgniter.php(354): CodeIgniter\CodeIgniter->handleRequest(null, Object(Config\Cache), false)
10 SYSTEMPATH\Boot.php(363): CodeIgniter\CodeIgniter->run()
11 SYSTEMPATH\Boot.php(68): CodeIgniter\Boot::runCodeIgniter(Object(CodeIgniter\CodeIgniter))
12 FCPATH\index.php(59): CodeIgniter\Boot::bootWeb(Object(Config\Paths))
13 SYSTEMPATH\rewrite.php(44): require_once('I:\\My Drive\\mey\\todolist\\public\\index.php')
CRITICAL - 2026-01-05 13:12:40 --> ErrorException: Maximum execution time of 60 seconds exceeded
[Method: GET, Route: /]
in SYSTEMPATH\Autoloader\Autoloader.php on line 295.
 1 [internal function]: CodeIgniter\Debug\Exceptions->shutdownHandler()
CRITICAL - 2026-01-05 13:28:20 --> ErrorException: Undefined variable $todo
[Method: GET, Route: /]
in APPPATH\Views\todolist.php on line 30.
 1 APPPATH\Views\todolist.php(30): CodeIgniter\Debug\Exceptions->errorHandler(2, 'Undefined variable $todo', 'J:\\My Drive\\mey\\todolist\\app\\Views\\todolist.php', 30)
 2 SYSTEMPATH\View\View.php(226): include('J:\\My Drive\\mey\\todolist\\app\\Views\\todolist.php')
 3 SYSTEMPATH\View\View.php(229): CodeIgniter\View\View->CodeIgniter\View\{closure}()
 4 SYSTEMPATH\Common.php(1199): CodeIgniter\View\View->render('todolist', [], true)
 5 APPPATH\Controllers\Todolist.php(15): view('todolist', [...])
 6 SYSTEMPATH\CodeIgniter.php(933): App\Controllers\Todolist->index()
 7 SYSTEMPATH\CodeIgniter.php(507): CodeIgniter\CodeIgniter->runController(Object(App\Controllers\Todolist))
 8 SYSTEMPATH\CodeIgniter.php(354): CodeIgniter\CodeIgniter->handleRequest(null, Object(Config\Cache), false)
 9 SYSTEMPATH\Boot.php(363): CodeIgniter\CodeIgniter->run()
10 SYSTEMPATH\Boot.php(68): CodeIgniter\Boot::runCodeIgniter(Object(CodeIgniter\CodeIgniter))
11 FCPATH\index.php(59): CodeIgniter\Boot::bootWeb(Object(Config\Paths))
12 SYSTEMPATH\rewrite.php(44): require_once('J:\\My Drive\\mey\\todolist\\public\\index.php')
CRITICAL - 2026-01-05 13:46:51 --> Error: Cannot use object of type stdClass as array
[Method: GET, Route: task]
in APPPATH\Views\todolist.php on line 32.
 1 SYSTEMPATH\View\View.php(226): include()
 2 SYSTEMPATH\View\View.php(229): CodeIgniter\View\View->CodeIgniter\View\{closure}()
 3 SYSTEMPATH\Common.php(1199): CodeIgniter\View\View->render('todolist', [], true)
 4 APPPATH\Controllers\Todolist.php(15): view('todolist', [...])
 5 SYSTEMPATH\CodeIgniter.php(933): App\Controllers\Todolist->index()
 6 SYSTEMPATH\CodeIgniter.php(507): CodeIgniter\CodeIgniter->runController(Object(App\Controllers\Todolist))
 7 SYSTEMPATH\CodeIgniter.php(354): CodeIgniter\CodeIgniter->handleRequest(null, Object(Config\Cache), false)
 8 SYSTEMPATH\Boot.php(363): CodeIgniter\CodeIgniter->run()
 9 SYSTEMPATH\Boot.php(68): CodeIgniter\Boot::runCodeIgniter(Object(CodeIgniter\CodeIgniter))
10 FCPATH\index.php(59): CodeIgniter\Boot::bootWeb(Object(Config\Paths))
11 SYSTEMPATH\rewrite.php(44): require_once('J:\\My Drive\\mey\\todolist\\public\\index.php')
CRITICAL - 2026-01-05 13:48:13 --> Error: Cannot use object of type stdClass as array
[Method: GET, Route: task]
in APPPATH\Views\todolist.php on line 32.
 1 SYSTEMPATH\View\View.php(226): include()
 2 SYSTEMPATH\View\View.php(229): CodeIgniter\View\View->CodeIgniter\View\{closure}()
 3 SYSTEMPATH\Common.php(1199): CodeIgniter\View\View->render('todolist', [], true)
 4 APPPATH\Controllers\Todolist.php(15): view('todolist', [...])
 5 SYSTEMPATH\CodeIgniter.php(933): App\Controllers\Todolist->index()
 6 SYSTEMPATH\CodeIgniter.php(507): CodeIgniter\CodeIgniter->runController(Object(App\Controllers\Todolist))
 7 SYSTEMPATH\CodeIgniter.php(354): CodeIgniter\CodeIgniter->handleRequest(null, Object(Config\Cache), false)
 8 SYSTEMPATH\Boot.php(363): CodeIgniter\CodeIgniter->run()
 9 SYSTEMPATH\Boot.php(68): CodeIgniter\Boot::runCodeIgniter(Object(CodeIgniter\CodeIgniter))
10 FCPATH\index.php(59): CodeIgniter\Boot::bootWeb(Object(Config\Paths))
11 SYSTEMPATH\rewrite.php(44): require_once('J:\\My Drive\\mey\\todolist\\public\\index.php')
CRITICAL - 2026-01-05 13:48:57 --> Error: Cannot use object of type stdClass as array
[Method: GET, Route: task]
in APPPATH\Views\todolist.php on line 32.
 1 SYSTEMPATH\View\View.php(226): include()
 2 SYSTEMPATH\View\View.php(229): CodeIgniter\View\View->CodeIgniter\View\{closure}()
 3 SYSTEMPATH\Common.php(1199): CodeIgniter\View\View->render('todolist', [], true)
 4 APPPATH\Controllers\Todolist.php(15): view('todolist', [...])
 5 SYSTEMPATH\CodeIgniter.php(933): App\Controllers\Todolist->index()
 6 SYSTEMPATH\CodeIgniter.php(507): CodeIgniter\CodeIgniter->runController(Object(App\Controllers\Todolist))
 7 SYSTEMPATH\CodeIgniter.php(354): CodeIgniter\CodeIgniter->handleRequest(null, Object(Config\Cache), false)
 8 SYSTEMPATH\Boot.php(363): CodeIgniter\CodeIgniter->run()
 9 SYSTEMPATH\Boot.php(68): CodeIgniter\Boot::runCodeIgniter(Object(CodeIgniter\CodeIgniter))
10 FCPATH\index.php(59): CodeIgniter\Boot::bootWeb(Object(Config\Paths))
11 SYSTEMPATH\rewrite.php(44): require_once('J:\\My Drive\\mey\\todolist\\public\\index.php')
CRITICAL - 2026-01-05 13:49:36 --> Error: Cannot use object of type stdClass as array
[Method: GET, Route: task]
in APPPATH\Views\todolist.php on line 32.
 1 SYSTEMPATH\View\View.php(226): include()
 2 SYSTEMPATH\View\View.php(229): CodeIgniter\View\View->CodeIgniter\View\{closure}()
 3 SYSTEMPATH\Common.php(1199): CodeIgniter\View\View->render('todolist', [], true)
 4 APPPATH\Controllers\Todolist.php(15): view('todolist', [...])
 5 SYSTEMPATH\CodeIgniter.php(933): App\Controllers\Todolist->index()
 6 SYSTEMPATH\CodeIgniter.php(507): CodeIgniter\CodeIgniter->runController(Object(App\Controllers\Todolist))
 7 SYSTEMPATH\CodeIgniter.php(354): CodeIgniter\CodeIgniter->handleRequest(null, Object(Config\Cache), false)
 8 SYSTEMPATH\Boot.php(363): CodeIgniter\CodeIgniter->run()
 9 SYSTEMPATH\Boot.php(68): CodeIgniter\Boot::runCodeIgniter(Object(CodeIgniter\CodeIgniter))
10 FCPATH\index.php(59): CodeIgniter\Boot::bootWeb(Object(Config\Paths))
11 SYSTEMPATH\rewrite.php(44): require_once('J:\\My Drive\\mey\\todolist\\public\\index.php')
CRITICAL - 2026-01-05 13:50:00 --> Error: Cannot use object of type stdClass as array
[Method: GET, Route: task]
in APPPATH\Views\todolist.php on line 33.
 1 SYSTEMPATH\View\View.php(226): include()
 2 SYSTEMPATH\View\View.php(229): CodeIgniter\View\View->CodeIgniter\View\{closure}()
 3 SYSTEMPATH\Common.php(1199): CodeIgniter\View\View->render('todolist', [], true)
 4 APPPATH\Controllers\Todolist.php(15): view('todolist', [...])
 5 SYSTEMPATH\CodeIgniter.php(933): App\Controllers\Todolist->index()
 6 SYSTEMPATH\CodeIgniter.php(507): CodeIgniter\CodeIgniter->runController(Object(App\Controllers\Todolist))
 7 SYSTEMPATH\CodeIgniter.php(354): CodeIgniter\CodeIgniter->handleRequest(null, Object(Config\Cache), false)
 8 SYSTEMPATH\Boot.php(363): CodeIgniter\CodeIgniter->run()
 9 SYSTEMPATH\Boot.php(68): CodeIgniter\Boot::runCodeIgniter(Object(CodeIgniter\CodeIgniter))
10 FCPATH\index.php(59): CodeIgniter\Boot::bootWeb(Object(Config\Paths))
11 SYSTEMPATH\rewrite.php(44): require_once('J:\\My Drive\\mey\\todolist\\public\\index.php')
CRITICAL - 2026-01-05 14:07:25 --> ErrorException: Undefined variable $id
[Method: GET, Route: edit/1]
in APPPATH\Config\Routes.php on line 12.
 1 APPPATH\Config\Routes.php(12): CodeIgniter\Debug\Exceptions->errorHandler(2, 'Undefined variable $id', 'J:\\My Drive\\mey\\todolist\\app\\Config\\Routes.php', 12)
 2 SYSTEMPATH\Router\RouteCollection.php(339): require('J:\\My Drive\\mey\\todolist\\app\\Config\\Routes.php')
 3 SYSTEMPATH\CodeIgniter.php(821): CodeIgniter\Router\RouteCollection->loadRoutes()
 4 SYSTEMPATH\CodeIgniter.php(455): CodeIgniter\CodeIgniter->tryToRouteIt(null)
 5 SYSTEMPATH\CodeIgniter.php(354): CodeIgniter\CodeIgniter->handleRequest(null, Object(Config\Cache), false)
 6 SYSTEMPATH\Boot.php(363): CodeIgniter\CodeIgniter->run()
 7 SYSTEMPATH\Boot.php(68): CodeIgniter\Boot::runCodeIgniter(Object(CodeIgniter\CodeIgniter))
 8 FCPATH\index.php(59): CodeIgniter\Boot::bootWeb(Object(Config\Paths))
 9 SYSTEMPATH\rewrite.php(44): require_once('J:\\My Drive\\mey\\todolist\\public\\index.php')
CRITICAL - 2026-01-05 14:14:01 --> Error: Call to undefined method stdClass::getRow()
[Method: GET, Route: edit/1]
in APPPATH\Controllers\Todolist.php on line 46.
 1 SYSTEMPATH\CodeIgniter.php(933): App\Controllers\Todolist->edit('1')
 2 SYSTEMPATH\CodeIgniter.php(507): CodeIgniter\CodeIgniter->runController(Object(App\Controllers\Todolist))
 3 SYSTEMPATH\CodeIgniter.php(354): CodeIgniter\CodeIgniter->handleRequest(null, Object(Config\Cache), false)
 4 SYSTEMPATH\Boot.php(363): CodeIgniter\CodeIgniter->run()
 5 SYSTEMPATH\Boot.php(68): CodeIgniter\Boot::runCodeIgniter(Object(CodeIgniter\CodeIgniter))
 6 FCPATH\index.php(59): CodeIgniter\Boot::bootWeb(Object(Config\Paths))
 7 SYSTEMPATH\rewrite.php(44): require_once('J:\\My Drive\\mey\\todolist\\public\\index.php')
CRITICAL - 2026-01-05 14:14:22 --> Error: Call to undefined method stdClass::getRow()
[Method: GET, Route: edit/1]
in APPPATH\Controllers\Todolist.php on line 46.
 1 SYSTEMPATH\CodeIgniter.php(933): App\Controllers\Todolist->edit('1')
 2 SYSTEMPATH\CodeIgniter.php(507): CodeIgniter\CodeIgniter->runController(Object(App\Controllers\Todolist))
 3 SYSTEMPATH\CodeIgniter.php(354): CodeIgniter\CodeIgniter->handleRequest(null, Object(Config\Cache), false)
 4 SYSTEMPATH\Boot.php(363): CodeIgniter\CodeIgniter->run()
 5 SYSTEMPATH\Boot.php(68): CodeIgniter\Boot::runCodeIgniter(Object(CodeIgniter\CodeIgniter))
 6 FCPATH\index.php(59): CodeIgniter\Boot::bootWeb(Object(Config\Paths))
 7 SYSTEMPATH\rewrite.php(44): require_once('J:\\My Drive\\mey\\todolist\\public\\index.php')
CRITICAL - 2026-01-05 14:15:31 --> Error: Call to undefined method stdClass::getRow()
[Method: GET, Route: edit/1]
in APPPATH\Controllers\Todolist.php on line 45.
 1 SYSTEMPATH\CodeIgniter.php(933): App\Controllers\Todolist->edit('1')
 2 SYSTEMPATH\CodeIgniter.php(507): CodeIgniter\CodeIgniter->runController(Object(App\Controllers\Todolist))
 3 SYSTEMPATH\CodeIgniter.php(354): CodeIgniter\CodeIgniter->handleRequest(null, Object(Config\Cache), false)
 4 SYSTEMPATH\Boot.php(363): CodeIgniter\CodeIgniter->run()
 5 SYSTEMPATH\Boot.php(68): CodeIgniter\Boot::runCodeIgniter(Object(CodeIgniter\CodeIgniter))
 6 FCPATH\index.php(59): CodeIgniter\Boot::bootWeb(Object(Config\Paths))
 7 SYSTEMPATH\rewrite.php(44): require_once('J:\\My Drive\\mey\\todolist\\public\\index.php')
CRITICAL - 2026-01-05 14:15:37 --> Error: Call to undefined method stdClass::getRow()
[Method: GET, Route: edit/1]
in APPPATH\Controllers\Todolist.php on line 45.
 1 SYSTEMPATH\CodeIgniter.php(933): App\Controllers\Todolist->edit('1')
 2 SYSTEMPATH\CodeIgniter.php(507): CodeIgniter\CodeIgniter->runController(Object(App\Controllers\Todolist))
 3 SYSTEMPATH\CodeIgniter.php(354): CodeIgniter\CodeIgniter->handleRequest(null, Object(Config\Cache), false)
 4 SYSTEMPATH\Boot.php(363): CodeIgniter\CodeIgniter->run()
 5 SYSTEMPATH\Boot.php(68): CodeIgniter\Boot::runCodeIgniter(Object(CodeIgniter\CodeIgniter))
 6 FCPATH\index.php(59): CodeIgniter\Boot::bootWeb(Object(Config\Paths))
 7 SYSTEMPATH\rewrite.php(44): require_once('J:\\My Drive\\mey\\todolist\\public\\index.php')
CRITICAL - 2026-01-05 14:18:37 --> ErrorException: Attempt to read property "nama" on array
[Method: GET, Route: edit/1]
in APPPATH\Views\edit.php on line 9.
 1 APPPATH\Views\edit.php(9): CodeIgniter\Debug\Exceptions->errorHandler(2, 'Attempt to read property "nama" on array', 'J:\\My Drive\\mey\\todolist\\app\\Views\\edit.php', 9)
 2 SYSTEMPATH\View\View.php(226): include('J:\\My Drive\\mey\\todolist\\app\\Views\\edit.php')
 3 SYSTEMPATH\View\View.php(229): CodeIgniter\View\View->CodeIgniter\View\{closure}()
 4 SYSTEMPATH\Common.php(1199): CodeIgniter\View\View->render('edit', [], true)
 5 APPPATH\Controllers\Todolist.php(50): view('edit', [...])
 6 SYSTEMPATH\CodeIgniter.php(933): App\Controllers\Todolist->edit('1')
 7 SYSTEMPATH\CodeIgniter.php(507): CodeIgniter\CodeIgniter->runController(Object(App\Controllers\Todolist))
 8 SYSTEMPATH\CodeIgniter.php(354): CodeIgniter\CodeIgniter->handleRequest(null, Object(Config\Cache), false)
 9 SYSTEMPATH\Boot.php(363): CodeIgniter\CodeIgniter->run()
10 SYSTEMPATH\Boot.php(68): CodeIgniter\Boot::runCodeIgniter(Object(CodeIgniter\CodeIgniter))
11 FCPATH\index.php(59): CodeIgniter\Boot::bootWeb(Object(Config\Paths))
12 SYSTEMPATH\rewrite.php(44): require_once('J:\\My Drive\\mey\\todolist\\public\\index.php')
CRITICAL - 2026-01-05 14:19:25 --> ErrorException: Attempt to read property "nama" on array
[Method: GET, Route: edit/1]
in APPPATH\Views\edit.php on line 9.
 1 APPPATH\Views\edit.php(9): CodeIgniter\Debug\Exceptions->errorHandler(2, 'Attempt to read property "nama" on array', 'J:\\My Drive\\mey\\todolist\\app\\Views\\edit.php', 9)
 2 SYSTEMPATH\View\View.php(226): include('J:\\My Drive\\mey\\todolist\\app\\Views\\edit.php')
 3 SYSTEMPATH\View\View.php(229): CodeIgniter\View\View->CodeIgniter\View\{closure}()
 4 SYSTEMPATH\Common.php(1199): CodeIgniter\View\View->render('edit', [], true)
 5 APPPATH\Controllers\Todolist.php(49): view('edit', [...])
 6 SYSTEMPATH\CodeIgniter.php(933): App\Controllers\Todolist->edit('1')
 7 SYSTEMPATH\CodeIgniter.php(507): CodeIgniter\CodeIgniter->runController(Object(App\Controllers\Todolist))
 8 SYSTEMPATH\CodeIgniter.php(354): CodeIgniter\CodeIgniter->handleRequest(null, Object(Config\Cache), false)
 9 SYSTEMPATH\Boot.php(363): CodeIgniter\CodeIgniter->run()
10 SYSTEMPATH\Boot.php(68): CodeIgniter\Boot::runCodeIgniter(Object(CodeIgniter\CodeIgniter))
11 FCPATH\index.php(59): CodeIgniter\Boot::bootWeb(Object(Config\Paths))
12 SYSTEMPATH\rewrite.php(44): require_once('J:\\My Drive\\mey\\todolist\\public\\index.php')
CRITICAL - 2026-01-05 14:27:23 --> CodeIgniter\HTTP\Exceptions\BadRequestException: The URI you submitted has disallowed characters: "('base_url('assets"
[Method: GET, Route: edit/%28%27base_url%28%27assets/vendor/bootstrap/css/bootstrap.min.css%27%29]
in SYSTEMPATH\Router\Router.php on line 741.
 1 SYSTEMPATH\Router\Router.php(207): CodeIgniter\Router\Router->checkDisallowedChars('edit/(\'base_url(\'assets/vendor/bootstrap/css/bootstrap.min.css\')')
 2 SYSTEMPATH\CodeIgniter.php(832): CodeIgniter\Router\Router->handle('edit/(\'base_url(\'assets/vendor/bootstrap/css/bootstrap.min.css\')')
 3 SYSTEMPATH\CodeIgniter.php(455): CodeIgniter\CodeIgniter->tryToRouteIt(Object(CodeIgniter\Router\RouteCollection))
 4 SYSTEMPATH\CodeIgniter.php(354): CodeIgniter\CodeIgniter->handleRequest(null, Object(Config\Cache), false)
 5 SYSTEMPATH\Boot.php(363): CodeIgniter\CodeIgniter->run()
 6 SYSTEMPATH\Boot.php(68): CodeIgniter\Boot::runCodeIgniter(Object(CodeIgniter\CodeIgniter))
 7 FCPATH\index.php(59): CodeIgniter\Boot::bootWeb(Object(Config\Paths))
 8 SYSTEMPATH\rewrite.php(44): require_once('J:\\My Drive\\mey\\todolist\\public\\index.php')
CRITICAL - 2026-01-05 14:27:26 --> CodeIgniter\HTTP\Exceptions\BadRequestException: The URI you submitted has disallowed characters: "('base_url('assets"
[Method: GET, Route: edit/%28%27base_url%28%27assets/vendor/bootstrap-icons/bootstrap-icons.css%27%29]
in SYSTEMPATH\Router\Router.php on line 741.
 1 SYSTEMPATH\Router\Router.php(207): CodeIgniter\Router\Router->checkDisallowedChars('edit/(\'base_url(\'assets/vendor/bootstrap-icons/bootstrap-icons.css\')')
 2 SYSTEMPATH\CodeIgniter.php(832): CodeIgniter\Router\Router->handle('edit/(\'base_url(\'assets/vendor/bootstrap-icons/bootstrap-icons.css\')')
 3 SYSTEMPATH\CodeIgniter.php(455): CodeIgniter\CodeIgniter->tryToRouteIt(Object(CodeIgniter\Router\RouteCollection))
 4 SYSTEMPATH\CodeIgniter.php(354): CodeIgniter\CodeIgniter->handleRequest(null, Object(Config\Cache), false)
 5 SYSTEMPATH\Boot.php(363): CodeIgniter\CodeIgniter->run()
 6 SYSTEMPATH\Boot.php(68): CodeIgniter\Boot::runCodeIgniter(Object(CodeIgniter\CodeIgniter))
 7 FCPATH\index.php(59): CodeIgniter\Boot::bootWeb(Object(Config\Paths))
 8 SYSTEMPATH\rewrite.php(44): require_once('J:\\My Drive\\mey\\todolist\\public\\index.php')
CRITICAL - 2026-01-05 14:27:26 --> CodeIgniter\HTTP\Exceptions\BadRequestException: The URI you submitted has disallowed characters: "('base_url('assets"
[Method: GET, Route: edit/%28%27base_url%28%27assets/vendor/boxicons/css/boxicons.min.css%27%29]
in SYSTEMPATH\Router\Router.php on line 741.
 1 SYSTEMPATH\Router\Router.php(207): CodeIgniter\Router\Router->checkDisallowedChars('edit/(\'base_url(\'assets/vendor/boxicons/css/boxicons.min.css\')')
 2 SYSTEMPATH\CodeIgniter.php(832): CodeIgniter\Router\Router->handle('edit/(\'base_url(\'assets/vendor/boxicons/css/boxicons.min.css\')')
 3 SYSTEMPATH\CodeIgniter.php(455): CodeIgniter\CodeIgniter->tryToRouteIt(Object(CodeIgniter\Router\RouteCollection))
 4 SYSTEMPATH\CodeIgniter.php(354): CodeIgniter\CodeIgniter->handleRequest(null, Object(Config\Cache), false)
 5 SYSTEMPATH\Boot.php(363): CodeIgniter\CodeIgniter->run()
 6 SYSTEMPATH\Boot.php(68): CodeIgniter\Boot::runCodeIgniter(Object(CodeIgniter\CodeIgniter))
 7 FCPATH\index.php(59): CodeIgniter\Boot::bootWeb(Object(Config\Paths))
 8 SYSTEMPATH\rewrite.php(44): require_once('J:\\My Drive\\mey\\todolist\\public\\index.php')
CRITICAL - 2026-01-05 14:27:28 --> CodeIgniter\HTTP\Exceptions\BadRequestException: The URI you submitted has disallowed characters: "('base_url('assets"
[Method: GET, Route: edit/%28%27base_url%28%27assets/vendor/quill/quill.snow.css%27%29]
in SYSTEMPATH\Router\Router.php on line 741.
 1 SYSTEMPATH\Router\Router.php(207): CodeIgniter\Router\Router->checkDisallowedChars('edit/(\'base_url(\'assets/vendor/quill/quill.snow.css\')')
 2 SYSTEMPATH\CodeIgniter.php(832): CodeIgniter\Router\Router->handle('edit/(\'base_url(\'assets/vendor/quill/quill.snow.css\')')
 3 SYSTEMPATH\CodeIgniter.php(455): CodeIgniter\CodeIgniter->tryToRouteIt(Object(CodeIgniter\Router\RouteCollection))
 4 SYSTEMPATH\CodeIgniter.php(354): CodeIgniter\CodeIgniter->handleRequest(null, Object(Config\Cache), false)
 5 SYSTEMPATH\Boot.php(363): CodeIgniter\CodeIgniter->run()
 6 SYSTEMPATH\Boot.php(68): CodeIgniter\Boot::runCodeIgniter(Object(CodeIgniter\CodeIgniter))
 7 FCPATH\index.php(59): CodeIgniter\Boot::bootWeb(Object(Config\Paths))
 8 SYSTEMPATH\rewrite.php(44): require_once('J:\\My Drive\\mey\\todolist\\public\\index.php')
CRITICAL - 2026-01-05 14:27:29 --> CodeIgniter\HTTP\Exceptions\BadRequestException: The URI you submitted has disallowed characters: "('base_url('assets"
[Method: GET, Route: edit/%28%27base_url%28%27assets/vendor/quill/quill.bubble.css%27%29]
in SYSTEMPATH\Router\Router.php on line 741.
 1 SYSTEMPATH\Router\Router.php(207): CodeIgniter\Router\Router->checkDisallowedChars('edit/(\'base_url(\'assets/vendor/quill/quill.bubble.css\')')
 2 SYSTEMPATH\CodeIgniter.php(832): CodeIgniter\Router\Router->handle('edit/(\'base_url(\'assets/vendor/quill/quill.bubble.css\')')
 3 SYSTEMPATH\CodeIgniter.php(455): CodeIgniter\CodeIgniter->tryToRouteIt(Object(CodeIgniter\Router\RouteCollection))
 4 SYSTEMPATH\CodeIgniter.php(354): CodeIgniter\CodeIgniter->handleRequest(null, Object(Config\Cache), false)
 5 SYSTEMPATH\Boot.php(363): CodeIgniter\CodeIgniter->run()
 6 SYSTEMPATH\Boot.php(68): CodeIgniter\Boot::runCodeIgniter(Object(CodeIgniter\CodeIgniter))
 7 FCPATH\index.php(59): CodeIgniter\Boot::bootWeb(Object(Config\Paths))
 8 SYSTEMPATH\rewrite.php(44): require_once('J:\\My Drive\\mey\\todolist\\public\\index.php')
CRITICAL - 2026-01-05 14:27:30 --> CodeIgniter\HTTP\Exceptions\BadRequestException: The URI you submitted has disallowed characters: "('base_url('assets"
[Method: GET, Route: edit/%28%27base_url%28%27assets/vendor/remixicon/remixicon.css%27%29]
in SYSTEMPATH\Router\Router.php on line 741.
 1 SYSTEMPATH\Router\Router.php(207): CodeIgniter\Router\Router->checkDisallowedChars('edit/(\'base_url(\'assets/vendor/remixicon/remixicon.css\')')
 2 SYSTEMPATH\CodeIgniter.php(832): CodeIgniter\Router\Router->handle('edit/(\'base_url(\'assets/vendor/remixicon/remixicon.css\')')
 3 SYSTEMPATH\CodeIgniter.php(455): CodeIgniter\CodeIgniter->tryToRouteIt(Object(CodeIgniter\Router\RouteCollection))
 4 SYSTEMPATH\CodeIgniter.php(354): CodeIgniter\CodeIgniter->handleRequest(null, Object(Config\Cache), false)
 5 SYSTEMPATH\Boot.php(363): CodeIgniter\CodeIgniter->run()
 6 SYSTEMPATH\Boot.php(68): CodeIgniter\Boot::runCodeIgniter(Object(CodeIgniter\CodeIgniter))
 7 FCPATH\index.php(59): CodeIgniter\Boot::bootWeb(Object(Config\Paths))
 8 SYSTEMPATH\rewrite.php(44): require_once('J:\\My Drive\\mey\\todolist\\public\\index.php')
CRITICAL - 2026-01-05 14:27:31 --> CodeIgniter\HTTP\Exceptions\BadRequestException: The URI you submitted has disallowed characters: "('base_url('assets"
[Method: GET, Route: edit/%28%27base_url%28%27assets/vendor/simple-datatables/style.css%27%29]
in SYSTEMPATH\Router\Router.php on line 741.
 1 SYSTEMPATH\Router\Router.php(207): CodeIgniter\Router\Router->checkDisallowedChars('edit/(\'base_url(\'assets/vendor/simple-datatables/style.css\')')
 2 SYSTEMPATH\CodeIgniter.php(832): CodeIgniter\Router\Router->handle('edit/(\'base_url(\'assets/vendor/simple-datatables/style.css\')')
 3 SYSTEMPATH\CodeIgniter.php(455): CodeIgniter\CodeIgniter->tryToRouteIt(Object(CodeIgniter\Router\RouteCollection))
 4 SYSTEMPATH\CodeIgniter.php(354): CodeIgniter\CodeIgniter->handleRequest(null, Object(Config\Cache), false)
 5 SYSTEMPATH\Boot.php(363): CodeIgniter\CodeIgniter->run()
 6 SYSTEMPATH\Boot.php(68): CodeIgniter\Boot::runCodeIgniter(Object(CodeIgniter\CodeIgniter))
 7 FCPATH\index.php(59): CodeIgniter\Boot::bootWeb(Object(Config\Paths))
 8 SYSTEMPATH\rewrite.php(44): require_once('J:\\My Drive\\mey\\todolist\\public\\index.php')
CRITICAL - 2026-01-05 14:27:32 --> CodeIgniter\HTTP\Exceptions\BadRequestException: The URI you submitted has disallowed characters: "('base_url('assets"
[Method: GET, Route: edit/%28%27base_url%28%27assets/css/style.css%27%29]
in SYSTEMPATH\Router\Router.php on line 741.
 1 SYSTEMPATH\Router\Router.php(207): CodeIgniter\Router\Router->checkDisallowedChars('edit/(\'base_url(\'assets/css/style.css\')')
 2 SYSTEMPATH\CodeIgniter.php(832): CodeIgniter\Router\Router->handle('edit/(\'base_url(\'assets/css/style.css\')')
 3 SYSTEMPATH\CodeIgniter.php(455): CodeIgniter\CodeIgniter->tryToRouteIt(Object(CodeIgniter\Router\RouteCollection))
 4 SYSTEMPATH\CodeIgniter.php(354): CodeIgniter\CodeIgniter->handleRequest(null, Object(Config\Cache), false)
 5 SYSTEMPATH\Boot.php(363): CodeIgniter\CodeIgniter->run()
 6 SYSTEMPATH\Boot.php(68): CodeIgniter\Boot::runCodeIgniter(Object(CodeIgniter\CodeIgniter))
 7 FCPATH\index.php(59): CodeIgniter\Boot::bootWeb(Object(Config\Paths))
 8 SYSTEMPATH\rewrite.php(44): require_once('J:\\My Drive\\mey\\todolist\\public\\index.php')
CRITICAL - 2026-01-05 14:27:44 --> CodeIgniter\HTTP\Exceptions\BadRequestException: The URI you submitted has disallowed characters: "('base_url('assets"
[Method: GET, Route: edit/%28%27base_url%28%27assets/img/favicon.png/%29]
in SYSTEMPATH\Router\Router.php on line 741.
 1 SYSTEMPATH\Router\Router.php(207): CodeIgniter\Router\Router->checkDisallowedChars('edit/(\'base_url(\'assets/img/favicon.png/)')
 2 SYSTEMPATH\CodeIgniter.php(832): CodeIgniter\Router\Router->handle('edit/(\'base_url(\'assets/img/favicon.png/)')
 3 SYSTEMPATH\CodeIgniter.php(455): CodeIgniter\CodeIgniter->tryToRouteIt(Object(CodeIgniter\Router\RouteCollection))
 4 SYSTEMPATH\CodeIgniter.php(354): CodeIgniter\CodeIgniter->handleRequest(null, Object(Config\Cache), false)
 5 SYSTEMPATH\Boot.php(363): CodeIgniter\CodeIgniter->run()
 6 SYSTEMPATH\Boot.php(68): CodeIgniter\Boot::runCodeIgniter(Object(CodeIgniter\CodeIgniter))
 7 FCPATH\index.php(59): CodeIgniter\Boot::bootWeb(Object(Config\Paths))
 8 SYSTEMPATH\rewrite.php(44): require_once('J:\\My Drive\\mey\\todolist\\public\\index.php')
CRITICAL - 2026-01-05 14:28:04 --> CodeIgniter\HTTP\Exceptions\BadRequestException: The URI you submitted has disallowed characters: "('base_url('assets"
[Method: GET, Route: edit/%28%27base_url%28%27assets/vendor/bootstrap/css/bootstrap.min.css%27%29]
in SYSTEMPATH\Router\Router.php on line 741.
 1 SYSTEMPATH\Router\Router.php(207): CodeIgniter\Router\Router->checkDisallowedChars('edit/(\'base_url(\'assets/vendor/bootstrap/css/bootstrap.min.css\')')
 2 SYSTEMPATH\CodeIgniter.php(832): CodeIgniter\Router\Router->handle('edit/(\'base_url(\'assets/vendor/bootstrap/css/bootstrap.min.css\')')
 3 SYSTEMPATH\CodeIgniter.php(455): CodeIgniter\CodeIgniter->tryToRouteIt(Object(CodeIgniter\Router\RouteCollection))
 4 SYSTEMPATH\CodeIgniter.php(354): CodeIgniter\CodeIgniter->handleRequest(null, Object(Config\Cache), false)
 5 SYSTEMPATH\Boot.php(363): CodeIgniter\CodeIgniter->run()
 6 SYSTEMPATH\Boot.php(68): CodeIgniter\Boot::runCodeIgniter(Object(CodeIgniter\CodeIgniter))
 7 FCPATH\index.php(59): CodeIgniter\Boot::bootWeb(Object(Config\Paths))
 8 SYSTEMPATH\rewrite.php(44): require_once('J:\\My Drive\\mey\\todolist\\public\\index.php')
CRITICAL - 2026-01-05 14:28:05 --> CodeIgniter\HTTP\Exceptions\BadRequestException: The URI you submitted has disallowed characters: "('base_url('assets"
[Method: GET, Route: edit/%28%27base_url%28%27assets/vendor/bootstrap-icons/bootstrap-icons.css%27%29]
in SYSTEMPATH\Router\Router.php on line 741.
 1 SYSTEMPATH\Router\Router.php(207): CodeIgniter\Router\Router->checkDisallowedChars('edit/(\'base_url(\'assets/vendor/bootstrap-icons/bootstrap-icons.css\')')
 2 SYSTEMPATH\CodeIgniter.php(832): CodeIgniter\Router\Router->handle('edit/(\'base_url(\'assets/vendor/bootstrap-icons/bootstrap-icons.css\')')
 3 SYSTEMPATH\CodeIgniter.php(455): CodeIgniter\CodeIgniter->tryToRouteIt(Object(CodeIgniter\Router\RouteCollection))
 4 SYSTEMPATH\CodeIgniter.php(354): CodeIgniter\CodeIgniter->handleRequest(null, Object(Config\Cache), false)
 5 SYSTEMPATH\Boot.php(363): CodeIgniter\CodeIgniter->run()
 6 SYSTEMPATH\Boot.php(68): CodeIgniter\Boot::runCodeIgniter(Object(CodeIgniter\CodeIgniter))
 7 FCPATH\index.php(59): CodeIgniter\Boot::bootWeb(Object(Config\Paths))
 8 SYSTEMPATH\rewrite.php(44): require_once('J:\\My Drive\\mey\\todolist\\public\\index.php')
CRITICAL - 2026-01-05 14:28:06 --> CodeIgniter\HTTP\Exceptions\BadRequestException: The URI you submitted has disallowed characters: "('base_url('assets"
[Method: GET, Route: edit/%28%27base_url%28%27assets/vendor/boxicons/css/boxicons.min.css%27%29]
in SYSTEMPATH\Router\Router.php on line 741.
 1 SYSTEMPATH\Router\Router.php(207): CodeIgniter\Router\Router->checkDisallowedChars('edit/(\'base_url(\'assets/vendor/boxicons/css/boxicons.min.css\')')
 2 SYSTEMPATH\CodeIgniter.php(832): CodeIgniter\Router\Router->handle('edit/(\'base_url(\'assets/vendor/boxicons/css/boxicons.min.css\')')
 3 SYSTEMPATH\CodeIgniter.php(455): CodeIgniter\CodeIgniter->tryToRouteIt(Object(CodeIgniter\Router\RouteCollection))
 4 SYSTEMPATH\CodeIgniter.php(354): CodeIgniter\CodeIgniter->handleRequest(null, Object(Config\Cache), false)
 5 SYSTEMPATH\Boot.php(363): CodeIgniter\CodeIgniter->run()
 6 SYSTEMPATH\Boot.php(68): CodeIgniter\Boot::runCodeIgniter(Object(CodeIgniter\CodeIgniter))
 7 FCPATH\index.php(59): CodeIgniter\Boot::bootWeb(Object(Config\Paths))
 8 SYSTEMPATH\rewrite.php(44): require_once('J:\\My Drive\\mey\\todolist\\public\\index.php')
CRITICAL - 2026-01-05 14:28:07 --> CodeIgniter\HTTP\Exceptions\BadRequestException: The URI you submitted has disallowed characters: "('base_url('assets"
[Method: GET, Route: edit/%28%27base_url%28%27assets/vendor/quill/quill.snow.css%27%29]
in SYSTEMPATH\Router\Router.php on line 741.
 1 SYSTEMPATH\Router\Router.php(207): CodeIgniter\Router\Router->checkDisallowedChars('edit/(\'base_url(\'assets/vendor/quill/quill.snow.css\')')
 2 SYSTEMPATH\CodeIgniter.php(832): CodeIgniter\Router\Router->handle('edit/(\'base_url(\'assets/vendor/quill/quill.snow.css\')')
 3 SYSTEMPATH\CodeIgniter.php(455): CodeIgniter\CodeIgniter->tryToRouteIt(Object(CodeIgniter\Router\RouteCollection))
 4 SYSTEMPATH\CodeIgniter.php(354): CodeIgniter\CodeIgniter->handleRequest(null, Object(Config\Cache), false)
 5 SYSTEMPATH\Boot.php(363): CodeIgniter\CodeIgniter->run()
 6 SYSTEMPATH\Boot.php(68): CodeIgniter\Boot::runCodeIgniter(Object(CodeIgniter\CodeIgniter))
 7 FCPATH\index.php(59): CodeIgniter\Boot::bootWeb(Object(Config\Paths))
 8 SYSTEMPATH\rewrite.php(44): require_once('J:\\My Drive\\mey\\todolist\\public\\index.php')
CRITICAL - 2026-01-05 14:28:08 --> CodeIgniter\HTTP\Exceptions\BadRequestException: The URI you submitted has disallowed characters: "('base_url('assets"
[Method: GET, Route: edit/%28%27base_url%28%27assets/vendor/quill/quill.bubble.css%27%29]
in SYSTEMPATH\Router\Router.php on line 741.
 1 SYSTEMPATH\Router\Router.php(207): CodeIgniter\Router\Router->checkDisallowedChars('edit/(\'base_url(\'assets/vendor/quill/quill.bubble.css\')')
 2 SYSTEMPATH\CodeIgniter.php(832): CodeIgniter\Router\Router->handle('edit/(\'base_url(\'assets/vendor/quill/quill.bubble.css\')')
 3 SYSTEMPATH\CodeIgniter.php(455): CodeIgniter\CodeIgniter->tryToRouteIt(Object(CodeIgniter\Router\RouteCollection))
 4 SYSTEMPATH\CodeIgniter.php(354): CodeIgniter\CodeIgniter->handleRequest(null, Object(Config\Cache), false)
 5 SYSTEMPATH\Boot.php(363): CodeIgniter\CodeIgniter->run()
 6 SYSTEMPATH\Boot.php(68): CodeIgniter\Boot::runCodeIgniter(Object(CodeIgniter\CodeIgniter))
 7 FCPATH\index.php(59): CodeIgniter\Boot::bootWeb(Object(Config\Paths))
 8 SYSTEMPATH\rewrite.php(44): require_once('J:\\My Drive\\mey\\todolist\\public\\index.php')
CRITICAL - 2026-01-05 14:28:09 --> CodeIgniter\HTTP\Exceptions\BadRequestException: The URI you submitted has disallowed characters: "('base_url('assets"
[Method: GET, Route: edit/%28%27base_url%28%27assets/vendor/remixicon/remixicon.css%27%29]
in SYSTEMPATH\Router\Router.php on line 741.
 1 SYSTEMPATH\Router\Router.php(207): CodeIgniter\Router\Router->checkDisallowedChars('edit/(\'base_url(\'assets/vendor/remixicon/remixicon.css\')')
 2 SYSTEMPATH\CodeIgniter.php(832): CodeIgniter\Router\Router->handle('edit/(\'base_url(\'assets/vendor/remixicon/remixicon.css\')')
 3 SYSTEMPATH\CodeIgniter.php(455): CodeIgniter\CodeIgniter->tryToRouteIt(Object(CodeIgniter\Router\RouteCollection))
 4 SYSTEMPATH\CodeIgniter.php(354): CodeIgniter\CodeIgniter->handleRequest(null, Object(Config\Cache), false)
 5 SYSTEMPATH\Boot.php(363): CodeIgniter\CodeIgniter->run()
 6 SYSTEMPATH\Boot.php(68): CodeIgniter\Boot::runCodeIgniter(Object(CodeIgniter\CodeIgniter))
 7 FCPATH\index.php(59): CodeIgniter\Boot::bootWeb(Object(Config\Paths))
 8 SYSTEMPATH\rewrite.php(44): require_once('J:\\My Drive\\mey\\todolist\\public\\index.php')
CRITICAL - 2026-01-05 14:28:10 --> CodeIgniter\HTTP\Exceptions\BadRequestException: The URI you submitted has disallowed characters: "('base_url('assets"
[Method: GET, Route: edit/%28%27base_url%28%27assets/vendor/simple-datatables/style.css%27%29]
in SYSTEMPATH\Router\Router.php on line 741.
 1 SYSTEMPATH\Router\Router.php(207): CodeIgniter\Router\Router->checkDisallowedChars('edit/(\'base_url(\'assets/vendor/simple-datatables/style.css\')')
 2 SYSTEMPATH\CodeIgniter.php(832): CodeIgniter\Router\Router->handle('edit/(\'base_url(\'assets/vendor/simple-datatables/style.css\')')
 3 SYSTEMPATH\CodeIgniter.php(455): CodeIgniter\CodeIgniter->tryToRouteIt(Object(CodeIgniter\Router\RouteCollection))
 4 SYSTEMPATH\CodeIgniter.php(354): CodeIgniter\CodeIgniter->handleRequest(null, Object(Config\Cache), false)
 5 SYSTEMPATH\Boot.php(363): CodeIgniter\CodeIgniter->run()
 6 SYSTEMPATH\Boot.php(68): CodeIgniter\Boot::runCodeIgniter(Object(CodeIgniter\CodeIgniter))
 7 FCPATH\index.php(59): CodeIgniter\Boot::bootWeb(Object(Config\Paths))
 8 SYSTEMPATH\rewrite.php(44): require_once('J:\\My Drive\\mey\\todolist\\public\\index.php')
CRITICAL - 2026-01-05 14:28:11 --> CodeIgniter\HTTP\Exceptions\BadRequestException: The URI you submitted has disallowed characters: "('base_url('assets"
[Method: GET, Route: edit/%28%27base_url%28%27assets/css/style.css%27%29]
in SYSTEMPATH\Router\Router.php on line 741.
 1 SYSTEMPATH\Router\Router.php(207): CodeIgniter\Router\Router->checkDisallowedChars('edit/(\'base_url(\'assets/css/style.css\')')
 2 SYSTEMPATH\CodeIgniter.php(832): CodeIgniter\Router\Router->handle('edit/(\'base_url(\'assets/css/style.css\')')
 3 SYSTEMPATH\CodeIgniter.php(455): CodeIgniter\CodeIgniter->tryToRouteIt(Object(CodeIgniter\Router\RouteCollection))
 4 SYSTEMPATH\CodeIgniter.php(354): CodeIgniter\CodeIgniter->handleRequest(null, Object(Config\Cache), false)
 5 SYSTEMPATH\Boot.php(363): CodeIgniter\CodeIgniter->run()
 6 SYSTEMPATH\Boot.php(68): CodeIgniter\Boot::runCodeIgniter(Object(CodeIgniter\CodeIgniter))
 7 FCPATH\index.php(59): CodeIgniter\Boot::bootWeb(Object(Config\Paths))
 8 SYSTEMPATH\rewrite.php(44): require_once('J:\\My Drive\\mey\\todolist\\public\\index.php')
CRITICAL - 2026-01-05 14:28:27 --> CodeIgniter\HTTP\Exceptions\BadRequestException: The URI you submitted has disallowed characters: "('base_url('assets"
[Method: GET, Route: edit/%28%27base_url%28%27assets/img/favicon.png/%29]
in SYSTEMPATH\Router\Router.php on line 741.
 1 SYSTEMPATH\Router\Router.php(207): CodeIgniter\Router\Router->checkDisallowedChars('edit/(\'base_url(\'assets/img/favicon.png/)')
 2 SYSTEMPATH\CodeIgniter.php(832): CodeIgniter\Router\Router->handle('edit/(\'base_url(\'assets/img/favicon.png/)')
 3 SYSTEMPATH\CodeIgniter.php(455): CodeIgniter\CodeIgniter->tryToRouteIt(Object(CodeIgniter\Router\RouteCollection))
 4 SYSTEMPATH\CodeIgniter.php(354): CodeIgniter\CodeIgniter->handleRequest(null, Object(Config\Cache), false)
 5 SYSTEMPATH\Boot.php(363): CodeIgniter\CodeIgniter->run()
 6 SYSTEMPATH\Boot.php(68): CodeIgniter\Boot::runCodeIgniter(Object(CodeIgniter\CodeIgniter))
 7 FCPATH\index.php(59): CodeIgniter\Boot::bootWeb(Object(Config\Paths))
 8 SYSTEMPATH\rewrite.php(44): require_once('J:\\My Drive\\mey\\todolist\\public\\index.php')
